02:25:50 **** Incremental Build of configuration Debug for project Project ****
make -j12 all 
arm-none-eabi-gcc -gdwarf-2 -o "Project.elf" @"objects.list"   -mcpu=cortex-m3 -T"C:\unit 2\unit9\ProjectV2\Project\STM32F103C8TX_FLASH.ld" --specs=nosys.specs -Wl,-Map="Project.map" -Wl,--gc-sections -static --specs=nano.specs -mfloat-abi=soft -mthumb -Wl,--start-group -lc -lm -Wl,--end-group
Finished building target: Project.elf
 
arm-none-eabi-objdump -h -S  Project.elf  > "Project.list"
arm-none-eabi-objcopy  -O binary  Project.elf  "Project.bin"
arm-none-eabi-size   Project.elf 
   text	   data	    bss	    dec	    hex	filename
   4600	     32	   1648	   6280	   1888	Project.elf
Finished building: default.size.stdout
 
Finished building: Project.bin
 
Finished building: Project.list
 

02:25:51 Build Finished. 0 errors, 0 warnings. (took 822ms)

