12:30:18 **** Incremental Build of configuration Debug for project Lab 1 ****
make -j12 all 
arm-none-eabi-gcc "../Src/main.c" -mcpu=cortex-m3 -std=gnu11 -g3 -DSTM32 -DSTM32F1 -DSTM32F103C6Tx -DDEBUG -c -I../Inc -O0 -ffunction-sections -fdata-sections -Wall -fstack-usage -MMD -MP -MF"Src/main.d" -MT"Src/main.o" --specs=nano.specs -mfloat-abi=soft -mthumb -o "Src/main.o"
arm-none-eabi-gcc -o "Lab 1.elf" @"objects.list"   -mcpu=cortex-m3 -T"D:\kerollos course\unit 2\unit7\Lesson 1\Lab 1\Lab 1\STM32F103C6TX_FLASH.ld" --specs=nosys.specs -Wl,-Map="Lab 1.map" -Wl,--gc-sections -static --specs=nano.specs -mfloat-abi=soft -mthumb -Wl,--start-group -lc -lm -Wl,--end-group
Finished building target: Lab 1.elf
 
arm-none-eabi-objdump -h -S  Lab\ 1.elf  > "Lab 1.list"
arm-none-eabi-objcopy  -O binary  Lab\ 1.elf  "Lab 1.bin"
arm-none-eabi-size   Lab\ 1.elf 
   text	   data	    bss	    dec	    hex	filename
    788	      8	   1568	   2364	    93c	Lab 1.elf
Finished building: default.size.stdout
 
Finished building: Lab 1.bin
Finished building: Lab 1.list
 
 
