
Memory Configuration

Name             Origin             Length             Attributes
flash            0x0000000000000000 0x0000000020000000 xr
sram             0x0000000020000000 0x0000000020000000 xrw
*default*        0x0000000000000000 0xffffffffffffffff

Linker script and memory map


.text           0x0000000000000000      0x130
 *(.vector*)
 .vectors       0x0000000000000000       0x10 startup.o
                0x0000000000000000                g_p_fn_Vectors
 *(.text*)
 .text          0x0000000000000010       0x90 main.o
                0x0000000000000010                main
 .text          0x00000000000000a0       0x90 startup.o
                0x00000000000000a0                H_fault_Handler
                0x00000000000000a0                Default_Handler
                0x00000000000000a0                NMI_Handler
                0x00000000000000ac                Reset_Handler
 *(.rodata)
                0x0000000000000130                _E_text = .

.glue_7         0x0000000000000130        0x0
 .glue_7        0x0000000000000130        0x0 linker stubs

.glue_7t        0x0000000000000130        0x0
 .glue_7t       0x0000000000000130        0x0 linker stubs

.vfp11_veneer   0x0000000000000130        0x0
 .vfp11_veneer  0x0000000000000130        0x0 linker stubs

.v4_bx          0x0000000000000130        0x0
 .v4_bx         0x0000000000000130        0x0 linker stubs

.iplt           0x0000000000000130        0x0
 .iplt          0x0000000000000130        0x0 main.o

.rel.dyn        0x0000000000000130        0x0
 .rel.iplt      0x0000000000000130        0x0 main.o

.data           0x0000000020000000        0x0
                0x0000000020000000                _S_data = .
 *(.data)
 .data          0x0000000020000000        0x0 main.o
 .data          0x0000000020000000        0x0 startup.o
                0x0000000020000000                _E_data = .
                0x0000000020000000                . = ALIGN (0x4)

.igot.plt       0x0000000020000000        0x0
 .igot.plt      0x0000000020000000        0x0 main.o

.bss            0x0000000020000000      0x400
                0x0000000020000000                _S_bss = .
 *(.bss)
 .bss           0x0000000020000000        0x0 main.o
 .bss           0x0000000020000000      0x400 startup.o
                0x0000000020000400                _E_bss = .
LOAD main.o
LOAD startup.o
OUTPUT(Lab_CortexM4.elf elf32-littlearm)

.debug_info     0x0000000000000000      0x241
 .debug_info    0x0000000000000000       0x70 main.o
 .debug_info    0x0000000000000070      0x1d1 startup.o

.debug_abbrev   0x0000000000000000      0x150
 .debug_abbrev  0x0000000000000000       0x67 main.o
 .debug_abbrev  0x0000000000000067       0xe9 startup.o

.debug_loc      0x0000000000000000       0xb4
 .debug_loc     0x0000000000000000       0x38 main.o
 .debug_loc     0x0000000000000038       0x7c startup.o

.debug_aranges  0x0000000000000000       0x40
 .debug_aranges
                0x0000000000000000       0x20 main.o
 .debug_aranges
                0x0000000000000020       0x20 startup.o

.debug_line     0x0000000000000000      0x25f
 .debug_line    0x0000000000000000       0x6b main.o
 .debug_line    0x000000000000006b      0x1f4 startup.o

.debug_str      0x0000000000000000      0x1b4
 .debug_str     0x0000000000000000       0xc8 main.o
                                         0xd5 (size before relaxing)
 .debug_str     0x00000000000000c8       0xec startup.o
                                        0x1d7 (size before relaxing)

.comment        0x0000000000000000       0x7b
 .comment       0x0000000000000000       0x7b main.o
                                         0x7c (size before relaxing)
 .comment       0x000000000000007b       0x7c startup.o

.ARM.attributes
                0x0000000000000000       0x33
 .ARM.attributes
                0x0000000000000000       0x33 main.o
 .ARM.attributes
                0x0000000000000033       0x33 startup.o

.debug_frame    0x0000000000000000       0x7c
 .debug_frame   0x0000000000000000       0x2c main.o
 .debug_frame   0x000000000000002c       0x50 startup.o
