Stm32f103C6_EXTI_Driver.c:21:7:Disable_NVIC	16	static
Stm32f103C6_EXTI_Driver.c:66:7:Enable_NVIC	16	static
Stm32f103C6_EXTI_Driver.c:114:7:Get_AFIO_EXTICR_Port_value	24	static
Stm32f103C6_EXTI_Driver.c:135:6:MCAL_EXTI_GPIO_Init	16	static
Stm32f103C6_EXTI_Driver.c:146:6:MCAL_EXTI_GPIO_Update	16	static
Stm32f103C6_EXTI_Driver.c:165:6:MCAL_EXTI_GPIO_Deinit	4	static
Stm32f103C6_EXTI_Driver.c:185:6:EXTI0_IRQHandler	8	static
Stm32f103C6_EXTI_Driver.c:197:6:EXTI1_IRQHandler	8	static
Stm32f103C6_EXTI_Driver.c:209:6:EXTI2_IRQHandler	8	static
Stm32f103C6_EXTI_Driver.c:221:6:EXTI3_IRQHandler	8	static
Stm32f103C6_EXTI_Driver.c:233:6:EXTI4_IRQHandler	8	static
Stm32f103C6_EXTI_Driver.c:246:6:EXTI9_5_IRQHandler	8	static
Stm32f103C6_EXTI_Driver.c:272:6:EXTI15_10_IRQHandler	8	static
Stm32f103C6_EXTI_Driver.c:301:6:Update_EXTI	24	static
