Archive member included to satisfy reference by file (symbol)

c:/st/stm32cubeide_1.4.0/stm32cubeide/plugins/com.st.stm32cube.ide.mcu.externaltools.gnu-tools-for-stm32.7-2018-q2-update.win32_1.4.0.202007081208/tools/bin/../lib/gcc/arm-none-eabi/7.3.1/../../../../arm-none-eabi/lib/thumb/v7-m\libc_nano.a(lib_a-errno.o)
                              Src/syscalls.o (__errno)
c:/st/stm32cubeide_1.4.0/stm32cubeide/plugins/com.st.stm32cube.ide.mcu.externaltools.gnu-tools-for-stm32.7-2018-q2-update.win32_1.4.0.202007081208/tools/bin/../lib/gcc/arm-none-eabi/7.3.1/../../../../arm-none-eabi/lib/thumb/v7-m\libc_nano.a(lib_a-exit.o)
                              c:/st/stm32cubeide_1.4.0/stm32cubeide/plugins/com.st.stm32cube.ide.mcu.externaltools.gnu-tools-for-stm32.7-2018-q2-update.win32_1.4.0.202007081208/tools/bin/../lib/gcc/arm-none-eabi/7.3.1/../../../../arm-none-eabi/lib/thumb/v7-m/crt0.o (exit)
c:/st/stm32cubeide_1.4.0/stm32cubeide/plugins/com.st.stm32cube.ide.mcu.externaltools.gnu-tools-for-stm32.7-2018-q2-update.win32_1.4.0.202007081208/tools/bin/../lib/gcc/arm-none-eabi/7.3.1/../../../../arm-none-eabi/lib/thumb/v7-m\libc_nano.a(lib_a-impure.o)
                              c:/st/stm32cubeide_1.4.0/stm32cubeide/plugins/com.st.stm32cube.ide.mcu.externaltools.gnu-tools-for-stm32.7-2018-q2-update.win32_1.4.0.202007081208/tools/bin/../lib/gcc/arm-none-eabi/7.3.1/../../../../arm-none-eabi/lib/thumb/v7-m\libc_nano.a(lib_a-exit.o) (_global_impure_ptr)
c:/st/stm32cubeide_1.4.0/stm32cubeide/plugins/com.st.stm32cube.ide.mcu.externaltools.gnu-tools-for-stm32.7-2018-q2-update.win32_1.4.0.202007081208/tools/bin/../lib/gcc/arm-none-eabi/7.3.1/../../../../arm-none-eabi/lib/thumb/v7-m\libc_nano.a(lib_a-init.o)
                              c:/st/stm32cubeide_1.4.0/stm32cubeide/plugins/com.st.stm32cube.ide.mcu.externaltools.gnu-tools-for-stm32.7-2018-q2-update.win32_1.4.0.202007081208/tools/bin/../lib/gcc/arm-none-eabi/7.3.1/../../../../arm-none-eabi/lib/thumb/v7-m/crt0.o (__libc_init_array)
c:/st/stm32cubeide_1.4.0/stm32cubeide/plugins/com.st.stm32cube.ide.mcu.externaltools.gnu-tools-for-stm32.7-2018-q2-update.win32_1.4.0.202007081208/tools/bin/../lib/gcc/arm-none-eabi/7.3.1/../../../../arm-none-eabi/lib/thumb/v7-m\libc_nano.a(lib_a-memset.o)
                              c:/st/stm32cubeide_1.4.0/stm32cubeide/plugins/com.st.stm32cube.ide.mcu.externaltools.gnu-tools-for-stm32.7-2018-q2-update.win32_1.4.0.202007081208/tools/bin/../lib/gcc/arm-none-eabi/7.3.1/../../../../arm-none-eabi/lib/thumb/v7-m/crt0.o (memset)

Allocating common symbols
Common symbol       size              file

GP_CallBack         0x3c              MCAL/Stm32f103C6_EXTI_Driver.o
ch                  0x1               Src/main.o
Global_Config       0x4               MCAL/Stm32f103C6_Driver_USART.o

Discarded input sections

 .text          0x0000000000000000        0x0 c:/st/stm32cubeide_1.4.0/stm32cubeide/plugins/com.st.stm32cube.ide.mcu.externaltools.gnu-tools-for-stm32.7-2018-q2-update.win32_1.4.0.202007081208/tools/bin/../lib/gcc/arm-none-eabi/7.3.1/thumb/v7-m/crti.o
 .data          0x0000000000000000        0x0 c:/st/stm32cubeide_1.4.0/stm32cubeide/plugins/com.st.stm32cube.ide.mcu.externaltools.gnu-tools-for-stm32.7-2018-q2-update.win32_1.4.0.202007081208/tools/bin/../lib/gcc/arm-none-eabi/7.3.1/thumb/v7-m/crti.o
 .bss           0x0000000000000000        0x0 c:/st/stm32cubeide_1.4.0/stm32cubeide/plugins/com.st.stm32cube.ide.mcu.externaltools.gnu-tools-for-stm32.7-2018-q2-update.win32_1.4.0.202007081208/tools/bin/../lib/gcc/arm-none-eabi/7.3.1/thumb/v7-m/crti.o
 .data          0x0000000000000000        0x4 c:/st/stm32cubeide_1.4.0/stm32cubeide/plugins/com.st.stm32cube.ide.mcu.externaltools.gnu-tools-for-stm32.7-2018-q2-update.win32_1.4.0.202007081208/tools/bin/../lib/gcc/arm-none-eabi/7.3.1/thumb/v7-m/crtbegin.o
 .text          0x0000000000000000       0x74 c:/st/stm32cubeide_1.4.0/stm32cubeide/plugins/com.st.stm32cube.ide.mcu.externaltools.gnu-tools-for-stm32.7-2018-q2-update.win32_1.4.0.202007081208/tools/bin/../lib/gcc/arm-none-eabi/7.3.1/../../../../arm-none-eabi/lib/thumb/v7-m/crt0.o
 .data          0x0000000000000000        0x0 c:/st/stm32cubeide_1.4.0/stm32cubeide/plugins/com.st.stm32cube.ide.mcu.externaltools.gnu-tools-for-stm32.7-2018-q2-update.win32_1.4.0.202007081208/tools/bin/../lib/gcc/arm-none-eabi/7.3.1/../../../../arm-none-eabi/lib/thumb/v7-m/crt0.o
 .bss           0x0000000000000000        0x0 c:/st/stm32cubeide_1.4.0/stm32cubeide/plugins/com.st.stm32cube.ide.mcu.externaltools.gnu-tools-for-stm32.7-2018-q2-update.win32_1.4.0.202007081208/tools/bin/../lib/gcc/arm-none-eabi/7.3.1/../../../../arm-none-eabi/lib/thumb/v7-m/crt0.o
 .ARM.extab     0x0000000000000000        0x0 c:/st/stm32cubeide_1.4.0/stm32cubeide/plugins/com.st.stm32cube.ide.mcu.externaltools.gnu-tools-for-stm32.7-2018-q2-update.win32_1.4.0.202007081208/tools/bin/../lib/gcc/arm-none-eabi/7.3.1/../../../../arm-none-eabi/lib/thumb/v7-m/crt0.o
 .ARM.exidx     0x0000000000000000        0x8 c:/st/stm32cubeide_1.4.0/stm32cubeide/plugins/com.st.stm32cube.ide.mcu.externaltools.gnu-tools-for-stm32.7-2018-q2-update.win32_1.4.0.202007081208/tools/bin/../lib/gcc/arm-none-eabi/7.3.1/../../../../arm-none-eabi/lib/thumb/v7-m/crt0.o
 .ARM.attributes
                0x0000000000000000       0x1b c:/st/stm32cubeide_1.4.0/stm32cubeide/plugins/com.st.stm32cube.ide.mcu.externaltools.gnu-tools-for-stm32.7-2018-q2-update.win32_1.4.0.202007081208/tools/bin/../lib/gcc/arm-none-eabi/7.3.1/../../../../arm-none-eabi/lib/thumb/v7-m/crt0.o
 .group         0x0000000000000000        0xc HAL/Lcd.o
 .group         0x0000000000000000        0xc HAL/Lcd.o
 .group         0x0000000000000000        0xc HAL/Lcd.o
 .group         0x0000000000000000        0xc HAL/Lcd.o
 .group         0x0000000000000000        0xc HAL/Lcd.o
 .text          0x0000000000000000        0x0 HAL/Lcd.o
 .data          0x0000000000000000        0x0 HAL/Lcd.o
 .bss           0x0000000000000000        0x0 HAL/Lcd.o
 .text.wait_ms  0x0000000000000000       0x38 HAL/Lcd.o
 .text.LCD_init
                0x0000000000000000       0xa8 HAL/Lcd.o
 .text.LCD_send_command
                0x0000000000000000      0x134 HAL/Lcd.o
 .text.LCD_clear_screen
                0x0000000000000000        0xe HAL/Lcd.o
 .text.LCD_Send_a_charachter
                0x0000000000000000      0x134 HAL/Lcd.o
 .text.LCD_Send_String
                0x0000000000000000       0x62 HAL/Lcd.o
 .text.LCD_MOVE_CURSOR_XY
                0x0000000000000000       0x4a HAL/Lcd.o
 .text.Get_command_bit
                0x0000000000000000       0x2a HAL/Lcd.o
 .debug_info    0x0000000000000000      0x350 HAL/Lcd.o
 .debug_abbrev  0x0000000000000000      0x13a HAL/Lcd.o
 .debug_loc     0x0000000000000000      0x274 HAL/Lcd.o
 .debug_aranges
                0x0000000000000000       0x58 HAL/Lcd.o
 .debug_ranges  0x0000000000000000       0x48 HAL/Lcd.o
 .debug_macro   0x0000000000000000       0x47 HAL/Lcd.o
 .debug_macro   0x0000000000000000      0xa60 HAL/Lcd.o
 .debug_macro   0x0000000000000000       0x58 HAL/Lcd.o
 .debug_macro   0x0000000000000000      0x258 HAL/Lcd.o
 .debug_macro   0x0000000000000000       0x7c HAL/Lcd.o
 .debug_macro   0x0000000000000000       0xb2 HAL/Lcd.o
 .debug_line    0x0000000000000000      0x23e HAL/Lcd.o
 .debug_str     0x0000000000000000     0x40f4 HAL/Lcd.o
 .comment       0x0000000000000000       0x7c HAL/Lcd.o
 .debug_frame   0x0000000000000000      0x130 HAL/Lcd.o
 .ARM.attributes
                0x0000000000000000       0x33 HAL/Lcd.o
 .group         0x0000000000000000        0xc MCAL/Stm32f103C6_Driver_SPI.o
 .group         0x0000000000000000        0xc MCAL/Stm32f103C6_Driver_SPI.o
 .group         0x0000000000000000        0xc MCAL/Stm32f103C6_Driver_SPI.o
 .group         0x0000000000000000        0xc MCAL/Stm32f103C6_Driver_SPI.o
 .group         0x0000000000000000        0xc MCAL/Stm32f103C6_Driver_SPI.o
 .text          0x0000000000000000        0x0 MCAL/Stm32f103C6_Driver_SPI.o
 .data          0x0000000000000000        0x0 MCAL/Stm32f103C6_Driver_SPI.o
 .bss           0x0000000000000000        0x0 MCAL/Stm32f103C6_Driver_SPI.o
 .text.MCAL_SPI_Deinit
                0x0000000000000000       0x58 MCAL/Stm32f103C6_Driver_SPI.o
 .text.MCAL_SPI_SendData
                0x0000000000000000       0x38 MCAL/Stm32f103C6_Driver_SPI.o
 .text.MCAL_SPI_ReceiveData
                0x0000000000000000       0x38 MCAL/Stm32f103C6_Driver_SPI.o
 .debug_macro   0x0000000000000000      0xa60 MCAL/Stm32f103C6_Driver_SPI.o
 .debug_macro   0x0000000000000000       0x58 MCAL/Stm32f103C6_Driver_SPI.o
 .debug_macro   0x0000000000000000      0x258 MCAL/Stm32f103C6_Driver_SPI.o
 .group         0x0000000000000000        0xc MCAL/Stm32f103C6_Driver_USART.o
 .group         0x0000000000000000        0xc MCAL/Stm32f103C6_Driver_USART.o
 .group         0x0000000000000000        0xc MCAL/Stm32f103C6_Driver_USART.o
 .group         0x0000000000000000        0xc MCAL/Stm32f103C6_Driver_USART.o
 .group         0x0000000000000000        0xc MCAL/Stm32f103C6_Driver_USART.o
 .text          0x0000000000000000        0x0 MCAL/Stm32f103C6_Driver_USART.o
 .data          0x0000000000000000        0x0 MCAL/Stm32f103C6_Driver_USART.o
 .bss           0x0000000000000000        0x0 MCAL/Stm32f103C6_Driver_USART.o
 .text.MCAL_USART_DeInit
                0x0000000000000000       0x8c MCAL/Stm32f103C6_Driver_USART.o
 .text.MCAL_USART_Check_Last_Buffer
                0x0000000000000000       0x22 MCAL/Stm32f103C6_Driver_USART.o
 .debug_macro   0x0000000000000000      0xa60 MCAL/Stm32f103C6_Driver_USART.o
 .debug_macro   0x0000000000000000       0x58 MCAL/Stm32f103C6_Driver_USART.o
 .debug_macro   0x0000000000000000      0x258 MCAL/Stm32f103C6_Driver_USART.o
 .debug_macro   0x0000000000000000       0x82 MCAL/Stm32f103C6_Driver_USART.o
 .group         0x0000000000000000        0xc MCAL/Stm32f103C6_Driver_gpio.o
 .group         0x0000000000000000        0xc MCAL/Stm32f103C6_Driver_gpio.o
 .group         0x0000000000000000        0xc MCAL/Stm32f103C6_Driver_gpio.o
 .group         0x0000000000000000        0xc MCAL/Stm32f103C6_Driver_gpio.o
 .text          0x0000000000000000        0x0 MCAL/Stm32f103C6_Driver_gpio.o
 .data          0x0000000000000000        0x0 MCAL/Stm32f103C6_Driver_gpio.o
 .bss           0x0000000000000000        0x0 MCAL/Stm32f103C6_Driver_gpio.o
 .text.MCAL_GPIO_DeInit
                0x0000000000000000       0x98 MCAL/Stm32f103C6_Driver_gpio.o
 .text.MCAL_GPIO_ReadPin
                0x0000000000000000       0x34 MCAL/Stm32f103C6_Driver_gpio.o
 .text.MCAL_GPIO_ReadPort
                0x0000000000000000       0x18 MCAL/Stm32f103C6_Driver_gpio.o
 .text.MCAL_GPIO_WritePort
                0x0000000000000000       0x22 MCAL/Stm32f103C6_Driver_gpio.o
 .text.Get_Pin_locked
                0x0000000000000000       0x74 MCAL/Stm32f103C6_Driver_gpio.o
 .text.MCAL_GPIO_TogglePin
                0x0000000000000000       0x28 MCAL/Stm32f103C6_Driver_gpio.o
 .debug_macro   0x0000000000000000      0xa60 MCAL/Stm32f103C6_Driver_gpio.o
 .debug_macro   0x0000000000000000       0x58 MCAL/Stm32f103C6_Driver_gpio.o
 .debug_macro   0x0000000000000000      0x258 MCAL/Stm32f103C6_Driver_gpio.o
 .debug_macro   0x0000000000000000       0x7c MCAL/Stm32f103C6_Driver_gpio.o
 .group         0x0000000000000000        0xc MCAL/Stm32f103C6_EXTI_Driver.o
 .group         0x0000000000000000        0xc MCAL/Stm32f103C6_EXTI_Driver.o
 .group         0x0000000000000000        0xc MCAL/Stm32f103C6_EXTI_Driver.o
 .group         0x0000000000000000        0xc MCAL/Stm32f103C6_EXTI_Driver.o
 .group         0x0000000000000000        0xc MCAL/Stm32f103C6_EXTI_Driver.o
 .text          0x0000000000000000        0x0 MCAL/Stm32f103C6_EXTI_Driver.o
 .data          0x0000000000000000        0x0 MCAL/Stm32f103C6_EXTI_Driver.o
 .bss           0x0000000000000000        0x0 MCAL/Stm32f103C6_EXTI_Driver.o
 .text.Disable_NVIC
                0x0000000000000000       0xcc MCAL/Stm32f103C6_EXTI_Driver.o
 .text.Enable_NVIC
                0x0000000000000000       0xcc MCAL/Stm32f103C6_EXTI_Driver.o
 .text.Get_AFIO_EXTICR_Port_value
                0x0000000000000000       0x60 MCAL/Stm32f103C6_EXTI_Driver.o
 .text.MCAL_EXTI_GPIO_Init
                0x0000000000000000       0x16 MCAL/Stm32f103C6_EXTI_Driver.o
 .text.MCAL_EXTI_GPIO_Update
                0x0000000000000000       0x16 MCAL/Stm32f103C6_EXTI_Driver.o
 .text.MCAL_EXTI_GPIO_Deinit
                0x0000000000000000       0x94 MCAL/Stm32f103C6_EXTI_Driver.o
 .text.Update_EXTI
                0x0000000000000000      0x170 MCAL/Stm32f103C6_EXTI_Driver.o
 .debug_macro   0x0000000000000000      0xa60 MCAL/Stm32f103C6_EXTI_Driver.o
 .debug_macro   0x0000000000000000       0x58 MCAL/Stm32f103C6_EXTI_Driver.o
 .debug_macro   0x0000000000000000       0x82 MCAL/Stm32f103C6_EXTI_Driver.o
 .group         0x0000000000000000        0xc Src/main.o
 .group         0x0000000000000000        0xc Src/main.o
 .group         0x0000000000000000        0xc Src/main.o
 .group         0x0000000000000000        0xc Src/main.o
 .group         0x0000000000000000        0xc Src/main.o
 .group         0x0000000000000000        0xc Src/main.o
 .group         0x0000000000000000        0xc Src/main.o
 .group         0x0000000000000000        0xc Src/main.o
 .text          0x0000000000000000        0x0 Src/main.o
 .data          0x0000000000000000        0x0 Src/main.o
 .bss           0x0000000000000000        0x0 Src/main.o
 .debug_macro   0x0000000000000000      0xa60 Src/main.o
 .debug_macro   0x0000000000000000       0x58 Src/main.o
 .debug_macro   0x0000000000000000      0x258 Src/main.o
 .debug_macro   0x0000000000000000       0x82 Src/main.o
 .debug_macro   0x0000000000000000      0x2ee Src/main.o
 .group         0x0000000000000000        0xc Src/syscalls.o
 .group         0x0000000000000000        0xc Src/syscalls.o
 .group         0x0000000000000000        0xc Src/syscalls.o
 .group         0x0000000000000000        0xc Src/syscalls.o
 .group         0x0000000000000000        0xc Src/syscalls.o
 .group         0x0000000000000000        0xc Src/syscalls.o
 .group         0x0000000000000000        0xc Src/syscalls.o
 .group         0x0000000000000000        0xc Src/syscalls.o
 .group         0x0000000000000000        0xc Src/syscalls.o
 .group         0x0000000000000000        0xc Src/syscalls.o
 .group         0x0000000000000000        0xc Src/syscalls.o
 .group         0x0000000000000000        0xc Src/syscalls.o
 .group         0x0000000000000000        0xc Src/syscalls.o
 .group         0x0000000000000000        0xc Src/syscalls.o
 .group         0x0000000000000000        0xc Src/syscalls.o
 .group         0x0000000000000000        0xc Src/syscalls.o
 .group         0x0000000000000000        0xc Src/syscalls.o
 .group         0x0000000000000000        0xc Src/syscalls.o
 .group         0x0000000000000000        0xc Src/syscalls.o
 .group         0x0000000000000000        0xc Src/syscalls.o
 .group         0x0000000000000000        0xc Src/syscalls.o
 .group         0x0000000000000000        0xc Src/syscalls.o
 .group         0x0000000000000000        0xc Src/syscalls.o
 .group         0x0000000000000000        0xc Src/syscalls.o
 .group         0x0000000000000000        0xc Src/syscalls.o
 .group         0x0000000000000000        0xc Src/syscalls.o
 .group         0x0000000000000000        0xc Src/syscalls.o
 .group         0x0000000000000000        0xc Src/syscalls.o
 .group         0x0000000000000000        0xc Src/syscalls.o
 .group         0x0000000000000000        0xc Src/syscalls.o
 .group         0x0000000000000000        0xc Src/syscalls.o
 .group         0x0000000000000000        0xc Src/syscalls.o
 .group         0x0000000000000000        0xc Src/syscalls.o
 .group         0x0000000000000000        0xc Src/syscalls.o
 .group         0x0000000000000000        0xc Src/syscalls.o
 .group         0x0000000000000000        0xc Src/syscalls.o
 .group         0x0000000000000000        0xc Src/syscalls.o
 .group         0x0000000000000000        0xc Src/syscalls.o
 .group         0x0000000000000000        0xc Src/syscalls.o
 .group         0x0000000000000000        0xc Src/syscalls.o
 .group         0x0000000000000000        0xc Src/syscalls.o
 .group         0x0000000000000000        0xc Src/syscalls.o
 .group         0x0000000000000000        0xc Src/syscalls.o
 .group         0x0000000000000000        0xc Src/syscalls.o
 .text          0x0000000000000000        0x0 Src/syscalls.o
 .data          0x0000000000000000        0x0 Src/syscalls.o
 .bss           0x0000000000000000        0x0 Src/syscalls.o
 .bss.__env     0x0000000000000000        0x4 Src/syscalls.o
 .data.environ  0x0000000000000000        0x4 Src/syscalls.o
 .text.initialise_monitor_handles
                0x0000000000000000        0xc Src/syscalls.o
 .text._getpid  0x0000000000000000        0xe Src/syscalls.o
 .text._kill    0x0000000000000000       0x20 Src/syscalls.o
 .text._exit    0x0000000000000000       0x14 Src/syscalls.o
 .text._read    0x0000000000000000       0x3a Src/syscalls.o
 .text._write   0x0000000000000000       0x38 Src/syscalls.o
 .text._close   0x0000000000000000       0x16 Src/syscalls.o
 .text._fstat   0x0000000000000000       0x1e Src/syscalls.o
 .text._isatty  0x0000000000000000       0x14 Src/syscalls.o
 .text._lseek   0x0000000000000000       0x18 Src/syscalls.o
 .text._open    0x0000000000000000       0x1a Src/syscalls.o
 .text._wait    0x0000000000000000       0x1e Src/syscalls.o
 .text._unlink  0x0000000000000000       0x1e Src/syscalls.o
 .text._times   0x0000000000000000       0x16 Src/syscalls.o
 .text._stat    0x0000000000000000       0x1e Src/syscalls.o
 .text._link    0x0000000000000000       0x20 Src/syscalls.o
 .text._fork    0x0000000000000000       0x16 Src/syscalls.o
 .text._execve  0x0000000000000000       0x22 Src/syscalls.o
 .debug_info    0x0000000000000000     0x1038 Src/syscalls.o
 .debug_abbrev  0x0000000000000000      0x254 Src/syscalls.o
 .debug_loc     0x0000000000000000      0x5b8 Src/syscalls.o
 .debug_aranges
                0x0000000000000000       0xa8 Src/syscalls.o
 .debug_ranges  0x0000000000000000       0x98 Src/syscalls.o
 .debug_macro   0x0000000000000000      0x243 Src/syscalls.o
 .debug_macro   0x0000000000000000      0xa60 Src/syscalls.o
 .debug_macro   0x0000000000000000       0x22 Src/syscalls.o
 .debug_macro   0x0000000000000000       0x40 Src/syscalls.o
 .debug_macro   0x0000000000000000       0x18 Src/syscalls.o
 .debug_macro   0x0000000000000000       0x94 Src/syscalls.o
 .debug_macro   0x0000000000000000       0x3c Src/syscalls.o
 .debug_macro   0x0000000000000000       0x34 Src/syscalls.o
 .debug_macro   0x0000000000000000       0x57 Src/syscalls.o
 .debug_macro   0x0000000000000000      0x174 Src/syscalls.o
 .debug_macro   0x0000000000000000      0x330 Src/syscalls.o
 .debug_macro   0x0000000000000000       0x52 Src/syscalls.o
 .debug_macro   0x0000000000000000       0x1f Src/syscalls.o
 .debug_macro   0x0000000000000000       0x43 Src/syscalls.o
 .debug_macro   0x0000000000000000       0x20 Src/syscalls.o
 .debug_macro   0x0000000000000000      0x1a3 Src/syscalls.o
 .debug_macro   0x0000000000000000       0x10 Src/syscalls.o
 .debug_macro   0x0000000000000000       0x35 Src/syscalls.o
 .debug_macro   0x0000000000000000       0x10 Src/syscalls.o
 .debug_macro   0x0000000000000000       0x10 Src/syscalls.o
 .debug_macro   0x0000000000000000       0x10 Src/syscalls.o
 .debug_macro   0x0000000000000000       0x6a Src/syscalls.o
 .debug_macro   0x0000000000000000       0x1c Src/syscalls.o
 .debug_macro   0x0000000000000000       0x52 Src/syscalls.o
 .debug_macro   0x0000000000000000       0x40 Src/syscalls.o
 .debug_macro   0x0000000000000000       0x10 Src/syscalls.o
 .debug_macro   0x0000000000000000       0x40 Src/syscalls.o
 .debug_macro   0x0000000000000000       0xd7 Src/syscalls.o
 .debug_macro   0x0000000000000000       0x1c Src/syscalls.o
 .debug_macro   0x0000000000000000       0x3d Src/syscalls.o
 .debug_macro   0x0000000000000000       0x35 Src/syscalls.o
 .debug_macro   0x0000000000000000      0x122 Src/syscalls.o
 .debug_macro   0x0000000000000000       0x16 Src/syscalls.o
 .debug_macro   0x0000000000000000       0x16 Src/syscalls.o
 .debug_macro   0x0000000000000000       0x29 Src/syscalls.o
 .debug_macro   0x0000000000000000       0x10 Src/syscalls.o
 .debug_macro   0x0000000000000000      0x241 Src/syscalls.o
 .debug_macro   0x0000000000000000       0x1c Src/syscalls.o
 .debug_macro   0x0000000000000000       0x10 Src/syscalls.o
 .debug_macro   0x0000000000000000       0x10 Src/syscalls.o
 .debug_macro   0x0000000000000000       0x16 Src/syscalls.o
 .debug_macro   0x0000000000000000      0x145 Src/syscalls.o
 .debug_macro   0x0000000000000000      0x189 Src/syscalls.o
 .debug_macro   0x0000000000000000       0x16 Src/syscalls.o
 .debug_macro   0x0000000000000000       0x88 Src/syscalls.o
 .debug_line    0x0000000000000000      0x739 Src/syscalls.o
 .debug_str     0x0000000000000000     0x887d Src/syscalls.o
 .comment       0x0000000000000000       0x7c Src/syscalls.o
 .debug_frame   0x0000000000000000      0x2ac Src/syscalls.o
 .ARM.attributes
                0x0000000000000000       0x33 Src/syscalls.o
 .group         0x0000000000000000        0xc Src/sysmem.o
 .group         0x0000000000000000        0xc Src/sysmem.o
 .group         0x0000000000000000        0xc Src/sysmem.o
 .group         0x0000000000000000        0xc Src/sysmem.o
 .group         0x0000000000000000        0xc Src/sysmem.o
 .group         0x0000000000000000        0xc Src/sysmem.o
 .group         0x0000000000000000        0xc Src/sysmem.o
 .group         0x0000000000000000        0xc Src/sysmem.o
 .group         0x0000000000000000        0xc Src/sysmem.o
 .group         0x0000000000000000        0xc Src/sysmem.o
 .group         0x0000000000000000        0xc Src/sysmem.o
 .group         0x0000000000000000        0xc Src/sysmem.o
 .group         0x0000000000000000        0xc Src/sysmem.o
 .group         0x0000000000000000        0xc Src/sysmem.o
 .group         0x0000000000000000        0xc Src/sysmem.o
 .group         0x0000000000000000        0xc Src/sysmem.o
 .group         0x0000000000000000        0xc Src/sysmem.o
 .group         0x0000000000000000        0xc Src/sysmem.o
 .group         0x0000000000000000        0xc Src/sysmem.o
 .text          0x0000000000000000        0x0 Src/sysmem.o
 .data          0x0000000000000000        0x0 Src/sysmem.o
 .bss           0x0000000000000000        0x0 Src/sysmem.o
 .bss.__sbrk_heap_end
                0x0000000000000000        0x4 Src/sysmem.o
 .text._sbrk    0x0000000000000000       0x6c Src/sysmem.o
 .debug_info    0x0000000000000000      0xa7c Src/sysmem.o
 .debug_abbrev  0x0000000000000000      0x18e Src/sysmem.o
 .debug_loc     0x0000000000000000       0x50 Src/sysmem.o
 .debug_aranges
                0x0000000000000000       0x20 Src/sysmem.o
 .debug_ranges  0x0000000000000000       0x10 Src/sysmem.o
 .debug_macro   0x0000000000000000       0xee Src/sysmem.o
 .debug_macro   0x0000000000000000      0xa60 Src/sysmem.o
 .debug_macro   0x0000000000000000       0x10 Src/sysmem.o
 .debug_macro   0x0000000000000000       0x22 Src/sysmem.o
 .debug_macro   0x0000000000000000       0x40 Src/sysmem.o
 .debug_macro   0x0000000000000000       0x18 Src/sysmem.o
 .debug_macro   0x0000000000000000       0x94 Src/sysmem.o
 .debug_macro   0x0000000000000000       0x3c Src/sysmem.o
 .debug_macro   0x0000000000000000       0x34 Src/sysmem.o
 .debug_macro   0x0000000000000000      0x174 Src/sysmem.o
 .debug_macro   0x0000000000000000       0x57 Src/sysmem.o
 .debug_macro   0x0000000000000000       0x52 Src/sysmem.o
 .debug_macro   0x0000000000000000       0x1f Src/sysmem.o
 .debug_macro   0x0000000000000000       0x43 Src/sysmem.o
 .debug_macro   0x0000000000000000       0x20 Src/sysmem.o
 .debug_macro   0x0000000000000000      0x1a3 Src/sysmem.o
 .debug_macro   0x0000000000000000      0x23b Src/sysmem.o
 .debug_macro   0x0000000000000000       0xef Src/sysmem.o
 .debug_macro   0x0000000000000000       0x6a Src/sysmem.o
 .debug_macro   0x0000000000000000      0x1df Src/sysmem.o
 .debug_line    0x0000000000000000      0x4c2 Src/sysmem.o
 .debug_str     0x0000000000000000     0x5f4b Src/sysmem.o
 .comment       0x0000000000000000       0x7c Src/sysmem.o
 .debug_frame   0x0000000000000000       0x34 Src/sysmem.o
 .ARM.attributes
                0x0000000000000000       0x33 Src/sysmem.o
 .text          0x0000000000000000       0x14 Startup/startup_stm32f103c8tx.o
 .data          0x0000000000000000        0x0 Startup/startup_stm32f103c8tx.o
 .bss           0x0000000000000000        0x0 Startup/startup_stm32f103c8tx.o
 .text          0x0000000000000000        0x0 c:/st/stm32cubeide_1.4.0/stm32cubeide/plugins/com.st.stm32cube.ide.mcu.externaltools.gnu-tools-for-stm32.7-2018-q2-update.win32_1.4.0.202007081208/tools/bin/../lib/gcc/arm-none-eabi/7.3.1/../../../../arm-none-eabi/lib/thumb/v7-m\libc_nano.a(lib_a-errno.o)
 .data          0x0000000000000000        0x0 c:/st/stm32cubeide_1.4.0/stm32cubeide/plugins/com.st.stm32cube.ide.mcu.externaltools.gnu-tools-for-stm32.7-2018-q2-update.win32_1.4.0.202007081208/tools/bin/../lib/gcc/arm-none-eabi/7.3.1/../../../../arm-none-eabi/lib/thumb/v7-m\libc_nano.a(lib_a-errno.o)
 .bss           0x0000000000000000        0x0 c:/st/stm32cubeide_1.4.0/stm32cubeide/plugins/com.st.stm32cube.ide.mcu.externaltools.gnu-tools-for-stm32.7-2018-q2-update.win32_1.4.0.202007081208/tools/bin/../lib/gcc/arm-none-eabi/7.3.1/../../../../arm-none-eabi/lib/thumb/v7-m\libc_nano.a(lib_a-errno.o)
 .text.__errno  0x0000000000000000        0xc c:/st/stm32cubeide_1.4.0/stm32cubeide/plugins/com.st.stm32cube.ide.mcu.externaltools.gnu-tools-for-stm32.7-2018-q2-update.win32_1.4.0.202007081208/tools/bin/../lib/gcc/arm-none-eabi/7.3.1/../../../../arm-none-eabi/lib/thumb/v7-m\libc_nano.a(lib_a-errno.o)
 .debug_frame   0x0000000000000000       0x20 c:/st/stm32cubeide_1.4.0/stm32cubeide/plugins/com.st.stm32cube.ide.mcu.externaltools.gnu-tools-for-stm32.7-2018-q2-update.win32_1.4.0.202007081208/tools/bin/../lib/gcc/arm-none-eabi/7.3.1/../../../../arm-none-eabi/lib/thumb/v7-m\libc_nano.a(lib_a-errno.o)
 .ARM.attributes
                0x0000000000000000       0x2d c:/st/stm32cubeide_1.4.0/stm32cubeide/plugins/com.st.stm32cube.ide.mcu.externaltools.gnu-tools-for-stm32.7-2018-q2-update.win32_1.4.0.202007081208/tools/bin/../lib/gcc/arm-none-eabi/7.3.1/../../../../arm-none-eabi/lib/thumb/v7-m\libc_nano.a(lib_a-errno.o)
 .text          0x0000000000000000        0x0 c:/st/stm32cubeide_1.4.0/stm32cubeide/plugins/com.st.stm32cube.ide.mcu.externaltools.gnu-tools-for-stm32.7-2018-q2-update.win32_1.4.0.202007081208/tools/bin/../lib/gcc/arm-none-eabi/7.3.1/../../../../arm-none-eabi/lib/thumb/v7-m\libc_nano.a(lib_a-exit.o)
 .data          0x0000000000000000        0x0 c:/st/stm32cubeide_1.4.0/stm32cubeide/plugins/com.st.stm32cube.ide.mcu.externaltools.gnu-tools-for-stm32.7-2018-q2-update.win32_1.4.0.202007081208/tools/bin/../lib/gcc/arm-none-eabi/7.3.1/../../../../arm-none-eabi/lib/thumb/v7-m\libc_nano.a(lib_a-exit.o)
 .bss           0x0000000000000000        0x0 c:/st/stm32cubeide_1.4.0/stm32cubeide/plugins/com.st.stm32cube.ide.mcu.externaltools.gnu-tools-for-stm32.7-2018-q2-update.win32_1.4.0.202007081208/tools/bin/../lib/gcc/arm-none-eabi/7.3.1/../../../../arm-none-eabi/lib/thumb/v7-m\libc_nano.a(lib_a-exit.o)
 .text.exit     0x0000000000000000       0x28 c:/st/stm32cubeide_1.4.0/stm32cubeide/plugins/com.st.stm32cube.ide.mcu.externaltools.gnu-tools-for-stm32.7-2018-q2-update.win32_1.4.0.202007081208/tools/bin/../lib/gcc/arm-none-eabi/7.3.1/../../../../arm-none-eabi/lib/thumb/v7-m\libc_nano.a(lib_a-exit.o)
 .debug_frame   0x0000000000000000       0x28 c:/st/stm32cubeide_1.4.0/stm32cubeide/plugins/com.st.stm32cube.ide.mcu.externaltools.gnu-tools-for-stm32.7-2018-q2-update.win32_1.4.0.202007081208/tools/bin/../lib/gcc/arm-none-eabi/7.3.1/../../../../arm-none-eabi/lib/thumb/v7-m\libc_nano.a(lib_a-exit.o)
 .ARM.attributes
                0x0000000000000000       0x2d c:/st/stm32cubeide_1.4.0/stm32cubeide/plugins/com.st.stm32cube.ide.mcu.externaltools.gnu-tools-for-stm32.7-2018-q2-update.win32_1.4.0.202007081208/tools/bin/../lib/gcc/arm-none-eabi/7.3.1/../../../../arm-none-eabi/lib/thumb/v7-m\libc_nano.a(lib_a-exit.o)
 .text          0x0000000000000000        0x0 c:/st/stm32cubeide_1.4.0/stm32cubeide/plugins/com.st.stm32cube.ide.mcu.externaltools.gnu-tools-for-stm32.7-2018-q2-update.win32_1.4.0.202007081208/tools/bin/../lib/gcc/arm-none-eabi/7.3.1/../../../../arm-none-eabi/lib/thumb/v7-m\libc_nano.a(lib_a-impure.o)
 .data          0x0000000000000000        0x0 c:/st/stm32cubeide_1.4.0/stm32cubeide/plugins/com.st.stm32cube.ide.mcu.externaltools.gnu-tools-for-stm32.7-2018-q2-update.win32_1.4.0.202007081208/tools/bin/../lib/gcc/arm-none-eabi/7.3.1/../../../../arm-none-eabi/lib/thumb/v7-m\libc_nano.a(lib_a-impure.o)
 .bss           0x0000000000000000        0x0 c:/st/stm32cubeide_1.4.0/stm32cubeide/plugins/com.st.stm32cube.ide.mcu.externaltools.gnu-tools-for-stm32.7-2018-q2-update.win32_1.4.0.202007081208/tools/bin/../lib/gcc/arm-none-eabi/7.3.1/../../../../arm-none-eabi/lib/thumb/v7-m\libc_nano.a(lib_a-impure.o)
 .data._impure_ptr
                0x0000000000000000        0x4 c:/st/stm32cubeide_1.4.0/stm32cubeide/plugins/com.st.stm32cube.ide.mcu.externaltools.gnu-tools-for-stm32.7-2018-q2-update.win32_1.4.0.202007081208/tools/bin/../lib/gcc/arm-none-eabi/7.3.1/../../../../arm-none-eabi/lib/thumb/v7-m\libc_nano.a(lib_a-impure.o)
 .data.impure_data
                0x0000000000000000       0x60 c:/st/stm32cubeide_1.4.0/stm32cubeide/plugins/com.st.stm32cube.ide.mcu.externaltools.gnu-tools-for-stm32.7-2018-q2-update.win32_1.4.0.202007081208/tools/bin/../lib/gcc/arm-none-eabi/7.3.1/../../../../arm-none-eabi/lib/thumb/v7-m\libc_nano.a(lib_a-impure.o)
 .rodata._global_impure_ptr
                0x0000000000000000        0x4 c:/st/stm32cubeide_1.4.0/stm32cubeide/plugins/com.st.stm32cube.ide.mcu.externaltools.gnu-tools-for-stm32.7-2018-q2-update.win32_1.4.0.202007081208/tools/bin/../lib/gcc/arm-none-eabi/7.3.1/../../../../arm-none-eabi/lib/thumb/v7-m\libc_nano.a(lib_a-impure.o)
 .ARM.attributes
                0x0000000000000000       0x2d c:/st/stm32cubeide_1.4.0/stm32cubeide/plugins/com.st.stm32cube.ide.mcu.externaltools.gnu-tools-for-stm32.7-2018-q2-update.win32_1.4.0.202007081208/tools/bin/../lib/gcc/arm-none-eabi/7.3.1/../../../../arm-none-eabi/lib/thumb/v7-m\libc_nano.a(lib_a-impure.o)
 .text          0x0000000000000000        0x0 c:/st/stm32cubeide_1.4.0/stm32cubeide/plugins/com.st.stm32cube.ide.mcu.externaltools.gnu-tools-for-stm32.7-2018-q2-update.win32_1.4.0.202007081208/tools/bin/../lib/gcc/arm-none-eabi/7.3.1/../../../../arm-none-eabi/lib/thumb/v7-m\libc_nano.a(lib_a-init.o)
 .data          0x0000000000000000        0x0 c:/st/stm32cubeide_1.4.0/stm32cubeide/plugins/com.st.stm32cube.ide.mcu.externaltools.gnu-tools-for-stm32.7-2018-q2-update.win32_1.4.0.202007081208/tools/bin/../lib/gcc/arm-none-eabi/7.3.1/../../../../arm-none-eabi/lib/thumb/v7-m\libc_nano.a(lib_a-init.o)
 .bss           0x0000000000000000        0x0 c:/st/stm32cubeide_1.4.0/stm32cubeide/plugins/com.st.stm32cube.ide.mcu.externaltools.gnu-tools-for-stm32.7-2018-q2-update.win32_1.4.0.202007081208/tools/bin/../lib/gcc/arm-none-eabi/7.3.1/../../../../arm-none-eabi/lib/thumb/v7-m\libc_nano.a(lib_a-init.o)
 .text          0x0000000000000000        0x0 c:/st/stm32cubeide_1.4.0/stm32cubeide/plugins/com.st.stm32cube.ide.mcu.externaltools.gnu-tools-for-stm32.7-2018-q2-update.win32_1.4.0.202007081208/tools/bin/../lib/gcc/arm-none-eabi/7.3.1/../../../../arm-none-eabi/lib/thumb/v7-m\libc_nano.a(lib_a-memset.o)
 .data          0x0000000000000000        0x0 c:/st/stm32cubeide_1.4.0/stm32cubeide/plugins/com.st.stm32cube.ide.mcu.externaltools.gnu-tools-for-stm32.7-2018-q2-update.win32_1.4.0.202007081208/tools/bin/../lib/gcc/arm-none-eabi/7.3.1/../../../../arm-none-eabi/lib/thumb/v7-m\libc_nano.a(lib_a-memset.o)
 .bss           0x0000000000000000        0x0 c:/st/stm32cubeide_1.4.0/stm32cubeide/plugins/com.st.stm32cube.ide.mcu.externaltools.gnu-tools-for-stm32.7-2018-q2-update.win32_1.4.0.202007081208/tools/bin/../lib/gcc/arm-none-eabi/7.3.1/../../../../arm-none-eabi/lib/thumb/v7-m\libc_nano.a(lib_a-memset.o)
 .text.memset   0x0000000000000000       0x10 c:/st/stm32cubeide_1.4.0/stm32cubeide/plugins/com.st.stm32cube.ide.mcu.externaltools.gnu-tools-for-stm32.7-2018-q2-update.win32_1.4.0.202007081208/tools/bin/../lib/gcc/arm-none-eabi/7.3.1/../../../../arm-none-eabi/lib/thumb/v7-m\libc_nano.a(lib_a-memset.o)
 .debug_frame   0x0000000000000000       0x20 c:/st/stm32cubeide_1.4.0/stm32cubeide/plugins/com.st.stm32cube.ide.mcu.externaltools.gnu-tools-for-stm32.7-2018-q2-update.win32_1.4.0.202007081208/tools/bin/../lib/gcc/arm-none-eabi/7.3.1/../../../../arm-none-eabi/lib/thumb/v7-m\libc_nano.a(lib_a-memset.o)
 .ARM.attributes
                0x0000000000000000       0x2d c:/st/stm32cubeide_1.4.0/stm32cubeide/plugins/com.st.stm32cube.ide.mcu.externaltools.gnu-tools-for-stm32.7-2018-q2-update.win32_1.4.0.202007081208/tools/bin/../lib/gcc/arm-none-eabi/7.3.1/../../../../arm-none-eabi/lib/thumb/v7-m\libc_nano.a(lib_a-memset.o)
 .text          0x0000000000000000        0x0 c:/st/stm32cubeide_1.4.0/stm32cubeide/plugins/com.st.stm32cube.ide.mcu.externaltools.gnu-tools-for-stm32.7-2018-q2-update.win32_1.4.0.202007081208/tools/bin/../lib/gcc/arm-none-eabi/7.3.1/thumb/v7-m/crtend.o
 .data          0x0000000000000000        0x0 c:/st/stm32cubeide_1.4.0/stm32cubeide/plugins/com.st.stm32cube.ide.mcu.externaltools.gnu-tools-for-stm32.7-2018-q2-update.win32_1.4.0.202007081208/tools/bin/../lib/gcc/arm-none-eabi/7.3.1/thumb/v7-m/crtend.o
 .bss           0x0000000000000000        0x0 c:/st/stm32cubeide_1.4.0/stm32cubeide/plugins/com.st.stm32cube.ide.mcu.externaltools.gnu-tools-for-stm32.7-2018-q2-update.win32_1.4.0.202007081208/tools/bin/../lib/gcc/arm-none-eabi/7.3.1/thumb/v7-m/crtend.o
 .eh_frame      0x0000000000000000        0x4 c:/st/stm32cubeide_1.4.0/stm32cubeide/plugins/com.st.stm32cube.ide.mcu.externaltools.gnu-tools-for-stm32.7-2018-q2-update.win32_1.4.0.202007081208/tools/bin/../lib/gcc/arm-none-eabi/7.3.1/thumb/v7-m/crtend.o
 .ARM.attributes
                0x0000000000000000       0x2d c:/st/stm32cubeide_1.4.0/stm32cubeide/plugins/com.st.stm32cube.ide.mcu.externaltools.gnu-tools-for-stm32.7-2018-q2-update.win32_1.4.0.202007081208/tools/bin/../lib/gcc/arm-none-eabi/7.3.1/thumb/v7-m/crtend.o
 .text          0x0000000000000000        0x0 c:/st/stm32cubeide_1.4.0/stm32cubeide/plugins/com.st.stm32cube.ide.mcu.externaltools.gnu-tools-for-stm32.7-2018-q2-update.win32_1.4.0.202007081208/tools/bin/../lib/gcc/arm-none-eabi/7.3.1/thumb/v7-m/crtn.o
 .data          0x0000000000000000        0x0 c:/st/stm32cubeide_1.4.0/stm32cubeide/plugins/com.st.stm32cube.ide.mcu.externaltools.gnu-tools-for-stm32.7-2018-q2-update.win32_1.4.0.202007081208/tools/bin/../lib/gcc/arm-none-eabi/7.3.1/thumb/v7-m/crtn.o
 .bss           0x0000000000000000        0x0 c:/st/stm32cubeide_1.4.0/stm32cubeide/plugins/com.st.stm32cube.ide.mcu.externaltools.gnu-tools-for-stm32.7-2018-q2-update.win32_1.4.0.202007081208/tools/bin/../lib/gcc/arm-none-eabi/7.3.1/thumb/v7-m/crtn.o

Memory Configuration

Name             Origin             Length             Attributes
RAM              0x0000000020000000 0x0000000000005000 xrw
ROM              0x0000000008000000 0x0000000000010000 xr
*default*        0x0000000000000000 0xffffffffffffffff

Linker script and memory map

LOAD c:/st/stm32cubeide_1.4.0/stm32cubeide/plugins/com.st.stm32cube.ide.mcu.externaltools.gnu-tools-for-stm32.7-2018-q2-update.win32_1.4.0.202007081208/tools/bin/../lib/gcc/arm-none-eabi/7.3.1/thumb/v7-m/crti.o
LOAD c:/st/stm32cubeide_1.4.0/stm32cubeide/plugins/com.st.stm32cube.ide.mcu.externaltools.gnu-tools-for-stm32.7-2018-q2-update.win32_1.4.0.202007081208/tools/bin/../lib/gcc/arm-none-eabi/7.3.1/thumb/v7-m/crtbegin.o
LOAD c:/st/stm32cubeide_1.4.0/stm32cubeide/plugins/com.st.stm32cube.ide.mcu.externaltools.gnu-tools-for-stm32.7-2018-q2-update.win32_1.4.0.202007081208/tools/bin/../lib/gcc/arm-none-eabi/7.3.1/../../../../arm-none-eabi/lib/thumb/v7-m/crt0.o
LOAD HAL/Lcd.o
LOAD MCAL/Stm32f103C6_Driver_SPI.o
LOAD MCAL/Stm32f103C6_Driver_USART.o
LOAD MCAL/Stm32f103C6_Driver_gpio.o
LOAD MCAL/Stm32f103C6_EXTI_Driver.o
LOAD Src/main.o
LOAD Src/syscalls.o
LOAD Src/sysmem.o
LOAD Startup/startup_stm32f103c8tx.o
START GROUP
LOAD c:/st/stm32cubeide_1.4.0/stm32cubeide/plugins/com.st.stm32cube.ide.mcu.externaltools.gnu-tools-for-stm32.7-2018-q2-update.win32_1.4.0.202007081208/tools/bin/../lib/gcc/arm-none-eabi/7.3.1/../../../../arm-none-eabi/lib/thumb/v7-m\libc_nano.a
LOAD c:/st/stm32cubeide_1.4.0/stm32cubeide/plugins/com.st.stm32cube.ide.mcu.externaltools.gnu-tools-for-stm32.7-2018-q2-update.win32_1.4.0.202007081208/tools/bin/../lib/gcc/arm-none-eabi/7.3.1/../../../../arm-none-eabi/lib/thumb/v7-m\libm.a
END GROUP
START GROUP
LOAD c:/st/stm32cubeide_1.4.0/stm32cubeide/plugins/com.st.stm32cube.ide.mcu.externaltools.gnu-tools-for-stm32.7-2018-q2-update.win32_1.4.0.202007081208/tools/bin/../lib/gcc/arm-none-eabi/7.3.1/thumb/v7-m\libgcc.a
LOAD c:/st/stm32cubeide_1.4.0/stm32cubeide/plugins/com.st.stm32cube.ide.mcu.externaltools.gnu-tools-for-stm32.7-2018-q2-update.win32_1.4.0.202007081208/tools/bin/../lib/gcc/arm-none-eabi/7.3.1/../../../../arm-none-eabi/lib/thumb/v7-m\libg_nano.a
LOAD c:/st/stm32cubeide_1.4.0/stm32cubeide/plugins/com.st.stm32cube.ide.mcu.externaltools.gnu-tools-for-stm32.7-2018-q2-update.win32_1.4.0.202007081208/tools/bin/../lib/gcc/arm-none-eabi/7.3.1/../../../../arm-none-eabi/lib/thumb/v7-m\libc_nano.a
END GROUP
START GROUP
LOAD c:/st/stm32cubeide_1.4.0/stm32cubeide/plugins/com.st.stm32cube.ide.mcu.externaltools.gnu-tools-for-stm32.7-2018-q2-update.win32_1.4.0.202007081208/tools/bin/../lib/gcc/arm-none-eabi/7.3.1/thumb/v7-m\libgcc.a
LOAD c:/st/stm32cubeide_1.4.0/stm32cubeide/plugins/com.st.stm32cube.ide.mcu.externaltools.gnu-tools-for-stm32.7-2018-q2-update.win32_1.4.0.202007081208/tools/bin/../lib/gcc/arm-none-eabi/7.3.1/../../../../arm-none-eabi/lib/thumb/v7-m\libc_nano.a
LOAD c:/st/stm32cubeide_1.4.0/stm32cubeide/plugins/com.st.stm32cube.ide.mcu.externaltools.gnu-tools-for-stm32.7-2018-q2-update.win32_1.4.0.202007081208/tools/bin/../lib/gcc/arm-none-eabi/7.3.1/../../../../arm-none-eabi/lib/thumb/v7-m\libnosys.a
END GROUP
START GROUP
LOAD c:/st/stm32cubeide_1.4.0/stm32cubeide/plugins/com.st.stm32cube.ide.mcu.externaltools.gnu-tools-for-stm32.7-2018-q2-update.win32_1.4.0.202007081208/tools/bin/../lib/gcc/arm-none-eabi/7.3.1/thumb/v7-m\libgcc.a
LOAD c:/st/stm32cubeide_1.4.0/stm32cubeide/plugins/com.st.stm32cube.ide.mcu.externaltools.gnu-tools-for-stm32.7-2018-q2-update.win32_1.4.0.202007081208/tools/bin/../lib/gcc/arm-none-eabi/7.3.1/../../../../arm-none-eabi/lib/thumb/v7-m\libc_nano.a
LOAD c:/st/stm32cubeide_1.4.0/stm32cubeide/plugins/com.st.stm32cube.ide.mcu.externaltools.gnu-tools-for-stm32.7-2018-q2-update.win32_1.4.0.202007081208/tools/bin/../lib/gcc/arm-none-eabi/7.3.1/../../../../arm-none-eabi/lib/thumb/v7-m\libnosys.a
END GROUP
LOAD c:/st/stm32cubeide_1.4.0/stm32cubeide/plugins/com.st.stm32cube.ide.mcu.externaltools.gnu-tools-for-stm32.7-2018-q2-update.win32_1.4.0.202007081208/tools/bin/../lib/gcc/arm-none-eabi/7.3.1/thumb/v7-m/crtend.o
LOAD c:/st/stm32cubeide_1.4.0/stm32cubeide/plugins/com.st.stm32cube.ide.mcu.externaltools.gnu-tools-for-stm32.7-2018-q2-update.win32_1.4.0.202007081208/tools/bin/../lib/gcc/arm-none-eabi/7.3.1/thumb/v7-m/crtn.o
                0x0000000020005000                _estack = (ORIGIN (RAM) + LENGTH (RAM))
                0x0000000000000200                _Min_Heap_Size = 0x200
                0x0000000000000400                _Min_Stack_Size = 0x400

.isr_vector     0x0000000008000000      0x130
                0x0000000008000000                . = ALIGN (0x4)
 *(.isr_vector)
 .isr_vector    0x0000000008000000      0x130 Startup/startup_stm32f103c8tx.o
                0x0000000008000000                g_pfnVectors
                0x0000000008000130                . = ALIGN (0x4)

.text           0x0000000008000130     0x12c8
                0x0000000008000130                . = ALIGN (0x4)
 *(.text)
 .text          0x0000000008000130       0x40 c:/st/stm32cubeide_1.4.0/stm32cubeide/plugins/com.st.stm32cube.ide.mcu.externaltools.gnu-tools-for-stm32.7-2018-q2-update.win32_1.4.0.202007081208/tools/bin/../lib/gcc/arm-none-eabi/7.3.1/thumb/v7-m/crtbegin.o
 *(.text*)
 .text.MCAL_SPI_Init
                0x0000000008000170      0x198 MCAL/Stm32f103C6_Driver_SPI.o
                0x0000000008000170                MCAL_SPI_Init
 .text.MCAL_SPI_TX_RX
                0x0000000008000308       0x58 MCAL/Stm32f103C6_Driver_SPI.o
                0x0000000008000308                MCAL_SPI_TX_RX
 .text.SPI1_IRQHandler
                0x0000000008000360       0x58 MCAL/Stm32f103C6_Driver_SPI.o
                0x0000000008000360                SPI1_IRQHandler
 .text.SPI2_IRQHandler
                0x00000000080003b8       0x58 MCAL/Stm32f103C6_Driver_SPI.o
                0x00000000080003b8                SPI2_IRQHandler
 .text.MCAL_SPI_GPIO_Set_Pins
                0x0000000008000410      0x224 MCAL/Stm32f103C6_Driver_SPI.o
                0x0000000008000410                MCAL_SPI_GPIO_Set_Pins
 .text.MCAL_USART_Init
                0x0000000008000634      0x2d8 MCAL/Stm32f103C6_Driver_USART.o
                0x0000000008000634                MCAL_USART_Init
 .text.MCAL_USART_Send_Data
                0x000000000800090c       0x54 MCAL/Stm32f103C6_Driver_USART.o
                0x000000000800090c                MCAL_USART_Send_Data
 .text.MCAL_USART_ReceiveData
                0x0000000008000960       0x8c MCAL/Stm32f103C6_Driver_USART.o
                0x0000000008000960                MCAL_USART_ReceiveData
 .text.MCAL_USART_GPIO_Set_Pins
                0x00000000080009ec      0x250 MCAL/Stm32f103C6_Driver_USART.o
                0x00000000080009ec                MCAL_USART_GPIO_Set_Pins
 .text.Get_SYS_CLK
                0x0000000008000c3c       0x40 MCAL/Stm32f103C6_Driver_USART.o
                0x0000000008000c3c                Get_SYS_CLK
 .text.Get_AHB_CLK
                0x0000000008000c7c       0x28 MCAL/Stm32f103C6_Driver_USART.o
                0x0000000008000c7c                Get_AHB_CLK
 .text.Get_APB1_CLK
                0x0000000008000ca4       0x28 MCAL/Stm32f103C6_Driver_USART.o
                0x0000000008000ca4                Get_APB1_CLK
 .text.Get_APB2_CLK
                0x0000000008000ccc       0x28 MCAL/Stm32f103C6_Driver_USART.o
                0x0000000008000ccc                Get_APB2_CLK
 .text.USART1_IRQHandler
                0x0000000008000cf4       0x14 MCAL/Stm32f103C6_Driver_USART.o
                0x0000000008000cf4                USART1_IRQHandler
 .text.USART2_IRQHandler
                0x0000000008000d08       0x14 MCAL/Stm32f103C6_Driver_USART.o
                0x0000000008000d08                USART2_IRQHandler
 .text.USART3_IRQHandler
                0x0000000008000d1c       0x14 MCAL/Stm32f103C6_Driver_USART.o
                0x0000000008000d1c                USART3_IRQHandler
 .text.Get_CR_shif
                0x0000000008000d30       0x94 MCAL/Stm32f103C6_Driver_gpio.o
                0x0000000008000d30                Get_CR_shif
 .text.MCAL_GPIO_Init
                0x0000000008000dc4      0x1f0 MCAL/Stm32f103C6_Driver_gpio.o
                0x0000000008000dc4                MCAL_GPIO_Init
 .text.MCAL_GPIO_WritePin
                0x0000000008000fb4       0x54 MCAL/Stm32f103C6_Driver_gpio.o
                0x0000000008000fb4                MCAL_GPIO_WritePin
 .text.EXTI0_IRQHandler
                0x0000000008001008       0x24 MCAL/Stm32f103C6_EXTI_Driver.o
                0x0000000008001008                EXTI0_IRQHandler
 .text.EXTI1_IRQHandler
                0x000000000800102c       0x24 MCAL/Stm32f103C6_EXTI_Driver.o
                0x000000000800102c                EXTI1_IRQHandler
 .text.EXTI2_IRQHandler
                0x0000000008001050       0x24 MCAL/Stm32f103C6_EXTI_Driver.o
                0x0000000008001050                EXTI2_IRQHandler
 .text.EXTI3_IRQHandler
                0x0000000008001074       0x24 MCAL/Stm32f103C6_EXTI_Driver.o
                0x0000000008001074                EXTI3_IRQHandler
 .text.EXTI4_IRQHandler
                0x0000000008001098       0x24 MCAL/Stm32f103C6_EXTI_Driver.o
                0x0000000008001098                EXTI4_IRQHandler
 .text.EXTI9_5_IRQHandler
                0x00000000080010bc       0xa8 MCAL/Stm32f103C6_EXTI_Driver.o
                0x00000000080010bc                EXTI9_5_IRQHandler
 .text.EXTI15_10_IRQHandler
                0x0000000008001164       0xc4 MCAL/Stm32f103C6_EXTI_Driver.o
                0x0000000008001164                EXTI15_10_IRQHandler
 .text.Enable_Clock
                0x0000000008001228       0x34 Src/main.o
                0x0000000008001228                Enable_Clock
 .text.UART_IRQ_CallBack
                0x000000000800125c       0x4c Src/main.o
                0x000000000800125c                UART_IRQ_CallBack
 .text.main     0x00000000080012a8       0x9c Src/main.o
                0x00000000080012a8                main
 .text.Reset_Handler
                0x0000000008001344       0x50 Startup/startup_stm32f103c8tx.o
                0x0000000008001344                Reset_Handler
 .text.Default_Handler
                0x0000000008001394        0x2 Startup/startup_stm32f103c8tx.o
                0x0000000008001394                TIM8_TRG_COM_IRQHandler
                0x0000000008001394                TIM8_CC_IRQHandler
                0x0000000008001394                DebugMon_Handler
                0x0000000008001394                TIM1_CC_IRQHandler
                0x0000000008001394                HardFault_Handler
                0x0000000008001394                TIM6_IRQHandler
                0x0000000008001394                SysTick_Handler
                0x0000000008001394                PVD_IRQHandler
                0x0000000008001394                SDIO_IRQHandler
                0x0000000008001394                PendSV_Handler
                0x0000000008001394                NMI_Handler
                0x0000000008001394                USB_HP_CAN_TX_IRQHandler
                0x0000000008001394                I2C2_EV_IRQHandler
                0x0000000008001394                UsageFault_Handler
                0x0000000008001394                ADC1_2_IRQHandler
                0x0000000008001394                CAN_SCE_IRQHandler
                0x0000000008001394                TAMPER_IRQHandler
                0x0000000008001394                TIM8_UP_IRQHandler
                0x0000000008001394                DMA2_Channel2_IRQHandler
                0x0000000008001394                DMA1_Channel4_IRQHandler
                0x0000000008001394                RTC_IRQHandler
                0x0000000008001394                DMA1_Channel7_IRQHandler
                0x0000000008001394                UART5_IRQHandler
                0x0000000008001394                ADC3_IRQHandler
                0x0000000008001394                TIM4_IRQHandler
                0x0000000008001394                CAN_RX1_IRQHandler
                0x0000000008001394                DMA2_Channel1_IRQHandler
                0x0000000008001394                I2C1_EV_IRQHandler
                0x0000000008001394                DMA1_Channel6_IRQHandler
                0x0000000008001394                UART4_IRQHandler
                0x0000000008001394                TIM3_IRQHandler
                0x0000000008001394                RCC_IRQHandler
                0x0000000008001394                TIM1_TRG_COM_IRQHandler
                0x0000000008001394                DMA1_Channel1_IRQHandler
                0x0000000008001394                Default_Handler
                0x0000000008001394                TIM7_IRQHandler
                0x0000000008001394                TIM5_IRQHandler
                0x0000000008001394                USB_LP_CAN_RX0_IRQHandler
                0x0000000008001394                MemManage_Handler
                0x0000000008001394                SVC_Handler
                0x0000000008001394                DMA1_Channel5_IRQHandler
                0x0000000008001394                DMA1_Channel3_IRQHandler
                0x0000000008001394                FSMC_IRQHandler
                0x0000000008001394                TIM1_UP_IRQHandler
                0x0000000008001394                WWDG_IRQHandler
                0x0000000008001394                TIM2_IRQHandler
                0x0000000008001394                TIM1_BRK_IRQHandler
                0x0000000008001394                RTCAlarm_IRQHandler
                0x0000000008001394                DMA2_Channel4_5_IRQHandler
                0x0000000008001394                I2C2_ER_IRQHandler
                0x0000000008001394                DMA1_Channel2_IRQHandler
                0x0000000008001394                TIM8_BRK_IRQHandler
                0x0000000008001394                FLASH_IRQHandler
                0x0000000008001394                BusFault_Handler
                0x0000000008001394                SPI3_IRQHandler
                0x0000000008001394                I2C1_ER_IRQHandler
                0x0000000008001394                DMA2_Channel3_IRQHandler
 *fill*         0x0000000008001396        0x2 
 .text.__libc_init_array
                0x0000000008001398       0x48 c:/st/stm32cubeide_1.4.0/stm32cubeide/plugins/com.st.stm32cube.ide.mcu.externaltools.gnu-tools-for-stm32.7-2018-q2-update.win32_1.4.0.202007081208/tools/bin/../lib/gcc/arm-none-eabi/7.3.1/../../../../arm-none-eabi/lib/thumb/v7-m\libc_nano.a(lib_a-init.o)
                0x0000000008001398                __libc_init_array
 *(.glue_7)
 .glue_7        0x00000000080013e0        0x0 linker stubs
 *(.glue_7t)
 .glue_7t       0x00000000080013e0        0x0 linker stubs
 *(.eh_frame)
 .eh_frame      0x00000000080013e0        0x0 c:/st/stm32cubeide_1.4.0/stm32cubeide/plugins/com.st.stm32cube.ide.mcu.externaltools.gnu-tools-for-stm32.7-2018-q2-update.win32_1.4.0.202007081208/tools/bin/../lib/gcc/arm-none-eabi/7.3.1/thumb/v7-m/crtbegin.o
 *(.init)
 .init          0x00000000080013e0        0x4 c:/st/stm32cubeide_1.4.0/stm32cubeide/plugins/com.st.stm32cube.ide.mcu.externaltools.gnu-tools-for-stm32.7-2018-q2-update.win32_1.4.0.202007081208/tools/bin/../lib/gcc/arm-none-eabi/7.3.1/thumb/v7-m/crti.o
                0x00000000080013e0                _init
 .init          0x00000000080013e4        0x8 c:/st/stm32cubeide_1.4.0/stm32cubeide/plugins/com.st.stm32cube.ide.mcu.externaltools.gnu-tools-for-stm32.7-2018-q2-update.win32_1.4.0.202007081208/tools/bin/../lib/gcc/arm-none-eabi/7.3.1/thumb/v7-m/crtn.o
 *(.fini)
 .fini          0x00000000080013ec        0x4 c:/st/stm32cubeide_1.4.0/stm32cubeide/plugins/com.st.stm32cube.ide.mcu.externaltools.gnu-tools-for-stm32.7-2018-q2-update.win32_1.4.0.202007081208/tools/bin/../lib/gcc/arm-none-eabi/7.3.1/thumb/v7-m/crti.o
                0x00000000080013ec                _fini
 .fini          0x00000000080013f0        0x8 c:/st/stm32cubeide_1.4.0/stm32cubeide/plugins/com.st.stm32cube.ide.mcu.externaltools.gnu-tools-for-stm32.7-2018-q2-update.win32_1.4.0.202007081208/tools/bin/../lib/gcc/arm-none-eabi/7.3.1/thumb/v7-m/crtn.o
                0x00000000080013f8                . = ALIGN (0x4)
                0x00000000080013f8                _etext = .

.vfp11_veneer   0x00000000080013f8        0x0
 .vfp11_veneer  0x00000000080013f8        0x0 linker stubs

.v4_bx          0x00000000080013f8        0x0
 .v4_bx         0x00000000080013f8        0x0 linker stubs

.iplt           0x00000000080013f8        0x0
 .iplt          0x00000000080013f8        0x0 c:/st/stm32cubeide_1.4.0/stm32cubeide/plugins/com.st.stm32cube.ide.mcu.externaltools.gnu-tools-for-stm32.7-2018-q2-update.win32_1.4.0.202007081208/tools/bin/../lib/gcc/arm-none-eabi/7.3.1/thumb/v7-m/crtbegin.o

.rodata         0x00000000080013f8       0x10
                0x00000000080013f8                . = ALIGN (0x4)
 *(.rodata)
 .rodata        0x00000000080013f8       0x10 Src/main.o
 *(.rodata*)
                0x0000000008001408                . = ALIGN (0x4)

.rel.dyn        0x0000000008001408        0x0
 .rel.iplt      0x0000000008001408        0x0 c:/st/stm32cubeide_1.4.0/stm32cubeide/plugins/com.st.stm32cube.ide.mcu.externaltools.gnu-tools-for-stm32.7-2018-q2-update.win32_1.4.0.202007081208/tools/bin/../lib/gcc/arm-none-eabi/7.3.1/thumb/v7-m/crtbegin.o

.ARM.extab      0x0000000008001408        0x0
                0x0000000008001408                . = ALIGN (0x4)
 *(.ARM.extab* .gnu.linkonce.armextab.*)
                0x0000000008001408                . = ALIGN (0x4)

.ARM            0x0000000008001408        0x0
                0x0000000008001408                . = ALIGN (0x4)
                0x0000000008001408                __exidx_start = .
 *(.ARM.exidx*)
                0x0000000008001408                __exidx_end = .
                0x0000000008001408                . = ALIGN (0x4)

.preinit_array  0x0000000008001408        0x0
                0x0000000008001408                . = ALIGN (0x4)
                0x0000000008001408                PROVIDE (__preinit_array_start = .)
 *(.preinit_array*)
                0x0000000008001408                PROVIDE (__preinit_array_end = .)
                0x0000000008001408                . = ALIGN (0x4)

.init_array     0x0000000008001408        0x4
                0x0000000008001408                . = ALIGN (0x4)
                0x0000000008001408                PROVIDE (__init_array_start = .)
 *(SORT_BY_NAME(.init_array.*))
 *(.init_array*)
 .init_array    0x0000000008001408        0x4 c:/st/stm32cubeide_1.4.0/stm32cubeide/plugins/com.st.stm32cube.ide.mcu.externaltools.gnu-tools-for-stm32.7-2018-q2-update.win32_1.4.0.202007081208/tools/bin/../lib/gcc/arm-none-eabi/7.3.1/thumb/v7-m/crtbegin.o
                0x000000000800140c                PROVIDE (__init_array_end = .)
                0x000000000800140c                . = ALIGN (0x4)

.fini_array     0x000000000800140c        0x4
                0x000000000800140c                . = ALIGN (0x4)
                [!provide]                        PROVIDE (__fini_array_start = .)
 *(SORT_BY_NAME(.fini_array.*))
 *(.fini_array*)
 .fini_array    0x000000000800140c        0x4 c:/st/stm32cubeide_1.4.0/stm32cubeide/plugins/com.st.stm32cube.ide.mcu.externaltools.gnu-tools-for-stm32.7-2018-q2-update.win32_1.4.0.202007081208/tools/bin/../lib/gcc/arm-none-eabi/7.3.1/thumb/v7-m/crtbegin.o
                [!provide]                        PROVIDE (__fini_array_end = .)
                0x0000000008001410                . = ALIGN (0x4)
                0x0000000008001410                _sidata = LOADADDR (.data)

.data           0x0000000020000000       0x18 load address 0x0000000008001410
                0x0000000020000000                . = ALIGN (0x4)
                0x0000000020000000                _sdata = .
 *(.data)
 *(.data*)
 .data.AHB_PRE_SCALER
                0x0000000020000000       0x10 MCAL/Stm32f103C6_Driver_USART.o
                0x0000000020000000                AHB_PRE_SCALER
 .data.APB_PRE_SCALER
                0x0000000020000010        0x8 MCAL/Stm32f103C6_Driver_USART.o
                0x0000000020000010                APB_PRE_SCALER
                0x0000000020000018                . = ALIGN (0x4)
                0x0000000020000018                _edata = .

.igot.plt       0x0000000020000018        0x0 load address 0x0000000008001428
 .igot.plt      0x0000000020000018        0x0 c:/st/stm32cubeide_1.4.0/stm32cubeide/plugins/com.st.stm32cube.ide.mcu.externaltools.gnu-tools-for-stm32.7-2018-q2-update.win32_1.4.0.202007081208/tools/bin/../lib/gcc/arm-none-eabi/7.3.1/thumb/v7-m/crtbegin.o
                0x0000000020000018                . = ALIGN (0x4)

.bss            0x0000000020000018       0x68 load address 0x0000000008001428
                0x0000000020000018                _sbss = .
                0x0000000020000018                __bss_start__ = _sbss
 *(.bss)
 .bss           0x0000000020000018       0x1c c:/st/stm32cubeide_1.4.0/stm32cubeide/plugins/com.st.stm32cube.ide.mcu.externaltools.gnu-tools-for-stm32.7-2018-q2-update.win32_1.4.0.202007081208/tools/bin/../lib/gcc/arm-none-eabi/7.3.1/thumb/v7-m/crtbegin.o
 *(.bss*)
 .bss.G_Config  0x0000000020000034        0x8 MCAL/Stm32f103C6_Driver_SPI.o
                0x0000000020000034                G_Config
 *(COMMON)
 COMMON         0x000000002000003c        0x4 MCAL/Stm32f103C6_Driver_USART.o
                0x000000002000003c                Global_Config
 COMMON         0x0000000020000040       0x3c MCAL/Stm32f103C6_EXTI_Driver.o
                0x0000000020000040                GP_CallBack
 COMMON         0x000000002000007c        0x1 Src/main.o
                0x000000002000007c                ch
                0x0000000020000080                . = ALIGN (0x4)
 *fill*         0x000000002000007d        0x3 
                0x0000000020000080                _ebss = .
                0x0000000020000080                __bss_end__ = _ebss

._user_heap_stack
                0x0000000020000080      0x600 load address 0x0000000008001428
                0x0000000020000080                . = ALIGN (0x8)
                [!provide]                        PROVIDE (end = .)
                0x0000000020000080                PROVIDE (_end = .)
                0x0000000020000280                . = (. + _Min_Heap_Size)
 *fill*         0x0000000020000080      0x200 
                0x0000000020000680                . = (. + _Min_Stack_Size)
 *fill*         0x0000000020000280      0x400 
                0x0000000020000680                . = ALIGN (0x8)

/DISCARD/
 libc.a(*)
 libm.a(*)
 libgcc.a(*)

.ARM.attributes
                0x0000000000000000       0x29
 *(.ARM.attributes)
 .ARM.attributes
                0x0000000000000000       0x1d c:/st/stm32cubeide_1.4.0/stm32cubeide/plugins/com.st.stm32cube.ide.mcu.externaltools.gnu-tools-for-stm32.7-2018-q2-update.win32_1.4.0.202007081208/tools/bin/../lib/gcc/arm-none-eabi/7.3.1/thumb/v7-m/crti.o
 .ARM.attributes
                0x000000000000001d       0x2d c:/st/stm32cubeide_1.4.0/stm32cubeide/plugins/com.st.stm32cube.ide.mcu.externaltools.gnu-tools-for-stm32.7-2018-q2-update.win32_1.4.0.202007081208/tools/bin/../lib/gcc/arm-none-eabi/7.3.1/thumb/v7-m/crtbegin.o
 .ARM.attributes
                0x000000000000004a       0x33 MCAL/Stm32f103C6_Driver_SPI.o
 .ARM.attributes
                0x000000000000007d       0x33 MCAL/Stm32f103C6_Driver_USART.o
 .ARM.attributes
                0x00000000000000b0       0x33 MCAL/Stm32f103C6_Driver_gpio.o
 .ARM.attributes
                0x00000000000000e3       0x33 MCAL/Stm32f103C6_EXTI_Driver.o
 .ARM.attributes
                0x0000000000000116       0x33 Src/main.o
 .ARM.attributes
                0x0000000000000149       0x21 Startup/startup_stm32f103c8tx.o
 .ARM.attributes
                0x000000000000016a       0x2d c:/st/stm32cubeide_1.4.0/stm32cubeide/plugins/com.st.stm32cube.ide.mcu.externaltools.gnu-tools-for-stm32.7-2018-q2-update.win32_1.4.0.202007081208/tools/bin/../lib/gcc/arm-none-eabi/7.3.1/../../../../arm-none-eabi/lib/thumb/v7-m\libc_nano.a(lib_a-init.o)
 .ARM.attributes
                0x0000000000000197       0x1d c:/st/stm32cubeide_1.4.0/stm32cubeide/plugins/com.st.stm32cube.ide.mcu.externaltools.gnu-tools-for-stm32.7-2018-q2-update.win32_1.4.0.202007081208/tools/bin/../lib/gcc/arm-none-eabi/7.3.1/thumb/v7-m/crtn.o
OUTPUT(SPI_Driver.elf elf32-littlearm)

.debug_info     0x0000000000000000     0x368a
 .debug_info    0x0000000000000000      0xd09 MCAL/Stm32f103C6_Driver_SPI.o
 .debug_info    0x0000000000000d09      0xc42 MCAL/Stm32f103C6_Driver_USART.o
 .debug_info    0x000000000000194b      0x47d MCAL/Stm32f103C6_Driver_gpio.o
 .debug_info    0x0000000000001dc8      0x59a MCAL/Stm32f103C6_EXTI_Driver.o
 .debug_info    0x0000000000002362     0x1306 Src/main.o
 .debug_info    0x0000000000003668       0x22 Startup/startup_stm32f103c8tx.o

.debug_abbrev   0x0000000000000000      0x8e5
 .debug_abbrev  0x0000000000000000      0x206 MCAL/Stm32f103C6_Driver_SPI.o
 .debug_abbrev  0x0000000000000206      0x1ec MCAL/Stm32f103C6_Driver_USART.o
 .debug_abbrev  0x00000000000003f2      0x119 MCAL/Stm32f103C6_Driver_gpio.o
 .debug_abbrev  0x000000000000050b      0x1bf MCAL/Stm32f103C6_EXTI_Driver.o
 .debug_abbrev  0x00000000000006ca      0x209 Src/main.o
 .debug_abbrev  0x00000000000008d3       0x12 Startup/startup_stm32f103c8tx.o

.debug_loc      0x0000000000000000      0xd6c
 .debug_loc     0x0000000000000000      0x2bc MCAL/Stm32f103C6_Driver_SPI.o
 .debug_loc     0x00000000000002bc      0x35c MCAL/Stm32f103C6_Driver_USART.o
 .debug_loc     0x0000000000000618      0x330 MCAL/Stm32f103C6_Driver_gpio.o
 .debug_loc     0x0000000000000948      0x37c MCAL/Stm32f103C6_EXTI_Driver.o
 .debug_loc     0x0000000000000cc4       0xa8 Src/main.o

.debug_aranges  0x0000000000000000      0x218
 .debug_aranges
                0x0000000000000000       0x58 MCAL/Stm32f103C6_Driver_SPI.o
 .debug_aranges
                0x0000000000000058       0x80 MCAL/Stm32f103C6_Driver_USART.o
 .debug_aranges
                0x00000000000000d8       0x60 MCAL/Stm32f103C6_Driver_gpio.o
 .debug_aranges
                0x0000000000000138       0x88 MCAL/Stm32f103C6_EXTI_Driver.o
 .debug_aranges
                0x00000000000001c0       0x30 Src/main.o
 .debug_aranges
                0x00000000000001f0       0x28 Startup/startup_stm32f103c8tx.o

.debug_ranges   0x0000000000000000      0x1c0
 .debug_ranges  0x0000000000000000       0x48 MCAL/Stm32f103C6_Driver_SPI.o
 .debug_ranges  0x0000000000000048       0x70 MCAL/Stm32f103C6_Driver_USART.o
 .debug_ranges  0x00000000000000b8       0x50 MCAL/Stm32f103C6_Driver_gpio.o
 .debug_ranges  0x0000000000000108       0x78 MCAL/Stm32f103C6_EXTI_Driver.o
 .debug_ranges  0x0000000000000180       0x20 Src/main.o
 .debug_ranges  0x00000000000001a0       0x20 Startup/startup_stm32f103c8tx.o

.debug_macro    0x0000000000000000      0xa4d
 .debug_macro   0x0000000000000000       0x41 MCAL/Stm32f103C6_Driver_SPI.o
 .debug_macro   0x0000000000000041       0x82 MCAL/Stm32f103C6_Driver_SPI.o
 .debug_macro   0x00000000000000c3       0x10 MCAL/Stm32f103C6_Driver_SPI.o
 .debug_macro   0x00000000000000d3       0x41 MCAL/Stm32f103C6_Driver_USART.o
 .debug_macro   0x0000000000000114      0x11e MCAL/Stm32f103C6_Driver_USART.o
 .debug_macro   0x0000000000000232       0x38 MCAL/Stm32f103C6_Driver_gpio.o
 .debug_macro   0x000000000000026a       0x3b MCAL/Stm32f103C6_EXTI_Driver.o
 .debug_macro   0x00000000000002a5      0x25e MCAL/Stm32f103C6_EXTI_Driver.o
 .debug_macro   0x0000000000000503      0x2ee MCAL/Stm32f103C6_EXTI_Driver.o
 .debug_macro   0x00000000000007f1       0x6a Src/main.o
 .debug_macro   0x000000000000085b      0x124 Src/main.o
 .debug_macro   0x000000000000097f       0x16 Src/main.o
 .debug_macro   0x0000000000000995       0xb8 Src/main.o

.debug_line     0x0000000000000000      0xb52
 .debug_line    0x0000000000000000      0x21c MCAL/Stm32f103C6_Driver_SPI.o
 .debug_line    0x000000000000021c      0x300 MCAL/Stm32f103C6_Driver_USART.o
 .debug_line    0x000000000000051c      0x1ba MCAL/Stm32f103C6_Driver_gpio.o
 .debug_line    0x00000000000006d6      0x258 MCAL/Stm32f103C6_EXTI_Driver.o
 .debug_line    0x000000000000092e      0x1a0 Src/main.o
 .debug_line    0x0000000000000ace       0x84 Startup/startup_stm32f103c8tx.o

.debug_str      0x0000000000000000     0x663e
 .debug_str     0x0000000000000000     0x41b0 MCAL/Stm32f103C6_Driver_SPI.o
                                       0x4284 (size before relaxing)
 .debug_str     0x00000000000041b0      0x984 MCAL/Stm32f103C6_Driver_USART.o
                                       0x4806 (size before relaxing)
 .debug_str     0x0000000000004b34       0xee MCAL/Stm32f103C6_Driver_gpio.o
                                       0x3ee9 (size before relaxing)
 .debug_str     0x0000000000004c22     0x16e0 MCAL/Stm32f103C6_EXTI_Driver.o
                                       0x5478 (size before relaxing)
 .debug_str     0x0000000000006302      0x30b Src/main.o
                                       0x610e (size before relaxing)
 .debug_str     0x000000000000660d       0x31 Startup/startup_stm32f103c8tx.o
                                         0x6e (size before relaxing)

.comment        0x0000000000000000       0x7b
 .comment       0x0000000000000000       0x7b MCAL/Stm32f103C6_Driver_SPI.o
                                         0x7c (size before relaxing)
 .comment       0x000000000000007b       0x7c MCAL/Stm32f103C6_Driver_USART.o
 .comment       0x000000000000007b       0x7c MCAL/Stm32f103C6_Driver_gpio.o
 .comment       0x000000000000007b       0x7c MCAL/Stm32f103C6_EXTI_Driver.o
 .comment       0x000000000000007b       0x7c Src/main.o

.debug_frame    0x0000000000000000      0x6f8
 .debug_frame   0x0000000000000000      0x148 MCAL/Stm32f103C6_Driver_SPI.o
 .debug_frame   0x0000000000000148      0x1c8 MCAL/Stm32f103C6_Driver_USART.o
 .debug_frame   0x0000000000000310      0x178 MCAL/Stm32f103C6_Driver_gpio.o
 .debug_frame   0x0000000000000488      0x1d8 MCAL/Stm32f103C6_EXTI_Driver.o
 .debug_frame   0x0000000000000660       0x6c Src/main.o
 .debug_frame   0x00000000000006cc       0x2c c:/st/stm32cubeide_1.4.0/stm32cubeide/plugins/com.st.stm32cube.ide.mcu.externaltools.gnu-tools-for-stm32.7-2018-q2-update.win32_1.4.0.202007081208/tools/bin/../lib/gcc/arm-none-eabi/7.3.1/../../../../arm-none-eabi/lib/thumb/v7-m\libc_nano.a(lib_a-init.o)
