18:30:11 **** Incremental Build of configuration Debug for project Toggel Led ****
make -j12 all 
arm-none-eabi-gcc "../Src/main.c" -mcpu=cortex-m3 -std=gnu11 -g3 -DSTM32 -DSTM32F1 -DSTM32F103C6Tx -DDEBUG -c -I../Inc -O0 -ffunction-sections -fdata-sections -Wall -fstack-usage -MMD -MP -MF"Src/main.d" -MT"Src/main.o" --specs=nano.specs -mfloat-abi=soft -mthumb -o "Src/main.o"
arm-none-eabi-gcc -o "Toggel Led.elf" @"objects.list"   -mcpu=cortex-m3 -T"D:\kerollos course\unit 2\unit6\lesson2\lab 1\Toggel Led\STM32F103C6TX_FLASH.ld" --specs=nosys.specs -Wl,-Map="Toggel Led.map" -Wl,--gc-sections -static --specs=nano.specs -mfloat-abi=soft -mthumb -Wl,--start-group -lc -lm -Wl,--end-group
Finished building target: Toggel Led.elf
 
arm-none-eabi-size   Toggel\ Led.elf 
arm-none-eabi-objdump -h -S  Toggel\ Led.elf  > "Toggel Led.list"
arm-none-eabi-objcopy  -O binary  Toggel\ Led.elf  "Toggel Led.bin"
   text	   data	    bss	    dec	    hex	filename
    688	      8	   1568	   2264	    8d8	Toggel Led.elf
Finished building: default.size.stdout
 
Finished building: Toggel Led.bin
 
Finished building: Toggel Led.list
 
