04:31:09 **** Incremental Build of configuration Debug for project Stm32f103c6_Drivers ****
make -j12 all 
arm-none-eabi-gcc -gdwarf-2 "../Src/main.c" -mcpu=cortex-m3 -std=gnu11 -g3 -DSTM32 -DSTM32F1 -DSTM32F103C6Tx -DDEBUG -c -I../Inc -I"D:/kerollos course/unit 2/unit7/Lesson3_GPIO_Driver/Stm32f103c6_Drivers/Stm32f103C6_Drivers/inc" -O0 -ffunction-sections -fdata-sections -Wall -fstack-usage -MMD -MP -MF"Src/main.d" -MT"Src/main.o" --specs=nano.specs -mfloat-abi=soft -mthumb -o "Src/main.o"
arm-none-eabi-gcc -gdwarf-2 -o "Stm32f103c6_Drivers.elf" @"objects.list"   -mcpu=cortex-m3 -T"D:\kerollos course\unit 2\unit7\Lesson3_GPIO_Driver\Stm32f103c6_Drivers\STM32F103C6TX_FLASH.ld" --specs=nosys.specs -Wl,-Map="Stm32f103c6_Drivers.map" -Wl,--gc-sections -static --specs=nano.specs -mfloat-abi=soft -mthumb -Wl,--start-group -lc -lm -Wl,--end-group
Finished building target: Stm32f103c6_Drivers.elf
 
arm-none-eabi-objdump -h -S  Stm32f103c6_Drivers.elf  > "Stm32f103c6_Drivers.list"
arm-none-eabi-objcopy  -O binary  Stm32f103c6_Drivers.elf  "Stm32f103c6_Drivers.bin"
arm-none-eabi-size   Stm32f103c6_Drivers.elf 
   text	   data	    bss	    dec	    hex	filename
   1580	      8	   1568	   3156	    c54	Stm32f103c6_Drivers.elf
Finished building: default.size.stdout
 
Finished building: Stm32f103c6_Drivers.bin
Finished building: Stm32f103c6_Drivers.list
 
 
