Archive member included to satisfy reference by file (symbol)

c:/st/stm32cubeide_1.4.0/stm32cubeide/plugins/com.st.stm32cube.ide.mcu.externaltools.gnu-tools-for-stm32.7-2018-q2-update.win32_1.4.0.202007081208/tools/bin/../lib/gcc/arm-none-eabi/7.3.1/../../../../arm-none-eabi/lib/thumb/v7-m\libc_nano.a(lib_a-errno.o)
                              Src/syscalls.o (__errno)
c:/st/stm32cubeide_1.4.0/stm32cubeide/plugins/com.st.stm32cube.ide.mcu.externaltools.gnu-tools-for-stm32.7-2018-q2-update.win32_1.4.0.202007081208/tools/bin/../lib/gcc/arm-none-eabi/7.3.1/../../../../arm-none-eabi/lib/thumb/v7-m\libc_nano.a(lib_a-exit.o)
                              c:/st/stm32cubeide_1.4.0/stm32cubeide/plugins/com.st.stm32cube.ide.mcu.externaltools.gnu-tools-for-stm32.7-2018-q2-update.win32_1.4.0.202007081208/tools/bin/../lib/gcc/arm-none-eabi/7.3.1/../../../../arm-none-eabi/lib/thumb/v7-m/crt0.o (exit)
c:/st/stm32cubeide_1.4.0/stm32cubeide/plugins/com.st.stm32cube.ide.mcu.externaltools.gnu-tools-for-stm32.7-2018-q2-update.win32_1.4.0.202007081208/tools/bin/../lib/gcc/arm-none-eabi/7.3.1/../../../../arm-none-eabi/lib/thumb/v7-m\libc_nano.a(lib_a-impure.o)
                              c:/st/stm32cubeide_1.4.0/stm32cubeide/plugins/com.st.stm32cube.ide.mcu.externaltools.gnu-tools-for-stm32.7-2018-q2-update.win32_1.4.0.202007081208/tools/bin/../lib/gcc/arm-none-eabi/7.3.1/../../../../arm-none-eabi/lib/thumb/v7-m\libc_nano.a(lib_a-exit.o) (_global_impure_ptr)
c:/st/stm32cubeide_1.4.0/stm32cubeide/plugins/com.st.stm32cube.ide.mcu.externaltools.gnu-tools-for-stm32.7-2018-q2-update.win32_1.4.0.202007081208/tools/bin/../lib/gcc/arm-none-eabi/7.3.1/../../../../arm-none-eabi/lib/thumb/v7-m\libc_nano.a(lib_a-init.o)
                              c:/st/stm32cubeide_1.4.0/stm32cubeide/plugins/com.st.stm32cube.ide.mcu.externaltools.gnu-tools-for-stm32.7-2018-q2-update.win32_1.4.0.202007081208/tools/bin/../lib/gcc/arm-none-eabi/7.3.1/../../../../arm-none-eabi/lib/thumb/v7-m/crt0.o (__libc_init_array)
c:/st/stm32cubeide_1.4.0/stm32cubeide/plugins/com.st.stm32cube.ide.mcu.externaltools.gnu-tools-for-stm32.7-2018-q2-update.win32_1.4.0.202007081208/tools/bin/../lib/gcc/arm-none-eabi/7.3.1/../../../../arm-none-eabi/lib/thumb/v7-m\libc_nano.a(lib_a-memset.o)
                              c:/st/stm32cubeide_1.4.0/stm32cubeide/plugins/com.st.stm32cube.ide.mcu.externaltools.gnu-tools-for-stm32.7-2018-q2-update.win32_1.4.0.202007081208/tools/bin/../lib/gcc/arm-none-eabi/7.3.1/../../../../arm-none-eabi/lib/thumb/v7-m/crt0.o (memset)

Allocating common symbols
Common symbol       size              file

G_Icu_Con           0xc               MCAL/Stm32F103C8_Advanced_Timer_Driver.o
G_cfg               0x10              MCAL/Stm32F103C8_Advanced_Timer_Driver.o
Pin_Cfg             0x3               MCAL/Stm32F103C8_Advanced_Timer_Driver.o
GP_CallBack         0x3c              MCAL/Stm32f103C6_EXTI_Driver.o
Global_Config       0x10              MCAL/Stm32f103C6_Driver_USART.o

Discarded input sections

 .text          0x0000000000000000        0x0 c:/st/stm32cubeide_1.4.0/stm32cubeide/plugins/com.st.stm32cube.ide.mcu.externaltools.gnu-tools-for-stm32.7-2018-q2-update.win32_1.4.0.202007081208/tools/bin/../lib/gcc/arm-none-eabi/7.3.1/thumb/v7-m/crti.o
 .data          0x0000000000000000        0x0 c:/st/stm32cubeide_1.4.0/stm32cubeide/plugins/com.st.stm32cube.ide.mcu.externaltools.gnu-tools-for-stm32.7-2018-q2-update.win32_1.4.0.202007081208/tools/bin/../lib/gcc/arm-none-eabi/7.3.1/thumb/v7-m/crti.o
 .bss           0x0000000000000000        0x0 c:/st/stm32cubeide_1.4.0/stm32cubeide/plugins/com.st.stm32cube.ide.mcu.externaltools.gnu-tools-for-stm32.7-2018-q2-update.win32_1.4.0.202007081208/tools/bin/../lib/gcc/arm-none-eabi/7.3.1/thumb/v7-m/crti.o
 .data          0x0000000000000000        0x4 c:/st/stm32cubeide_1.4.0/stm32cubeide/plugins/com.st.stm32cube.ide.mcu.externaltools.gnu-tools-for-stm32.7-2018-q2-update.win32_1.4.0.202007081208/tools/bin/../lib/gcc/arm-none-eabi/7.3.1/thumb/v7-m/crtbegin.o
 .text          0x0000000000000000       0x74 c:/st/stm32cubeide_1.4.0/stm32cubeide/plugins/com.st.stm32cube.ide.mcu.externaltools.gnu-tools-for-stm32.7-2018-q2-update.win32_1.4.0.202007081208/tools/bin/../lib/gcc/arm-none-eabi/7.3.1/../../../../arm-none-eabi/lib/thumb/v7-m/crt0.o
 .data          0x0000000000000000        0x0 c:/st/stm32cubeide_1.4.0/stm32cubeide/plugins/com.st.stm32cube.ide.mcu.externaltools.gnu-tools-for-stm32.7-2018-q2-update.win32_1.4.0.202007081208/tools/bin/../lib/gcc/arm-none-eabi/7.3.1/../../../../arm-none-eabi/lib/thumb/v7-m/crt0.o
 .bss           0x0000000000000000        0x0 c:/st/stm32cubeide_1.4.0/stm32cubeide/plugins/com.st.stm32cube.ide.mcu.externaltools.gnu-tools-for-stm32.7-2018-q2-update.win32_1.4.0.202007081208/tools/bin/../lib/gcc/arm-none-eabi/7.3.1/../../../../arm-none-eabi/lib/thumb/v7-m/crt0.o
 .ARM.extab     0x0000000000000000        0x0 c:/st/stm32cubeide_1.4.0/stm32cubeide/plugins/com.st.stm32cube.ide.mcu.externaltools.gnu-tools-for-stm32.7-2018-q2-update.win32_1.4.0.202007081208/tools/bin/../lib/gcc/arm-none-eabi/7.3.1/../../../../arm-none-eabi/lib/thumb/v7-m/crt0.o
 .ARM.exidx     0x0000000000000000        0x8 c:/st/stm32cubeide_1.4.0/stm32cubeide/plugins/com.st.stm32cube.ide.mcu.externaltools.gnu-tools-for-stm32.7-2018-q2-update.win32_1.4.0.202007081208/tools/bin/../lib/gcc/arm-none-eabi/7.3.1/../../../../arm-none-eabi/lib/thumb/v7-m/crt0.o
 .ARM.attributes
                0x0000000000000000       0x1b c:/st/stm32cubeide_1.4.0/stm32cubeide/plugins/com.st.stm32cube.ide.mcu.externaltools.gnu-tools-for-stm32.7-2018-q2-update.win32_1.4.0.202007081208/tools/bin/../lib/gcc/arm-none-eabi/7.3.1/../../../../arm-none-eabi/lib/thumb/v7-m/crt0.o
 .group         0x0000000000000000        0xc HAL/DC_Motors.o
 .group         0x0000000000000000        0xc HAL/DC_Motors.o
 .group         0x0000000000000000        0xc HAL/DC_Motors.o
 .group         0x0000000000000000        0xc HAL/DC_Motors.o
 .group         0x0000000000000000        0xc HAL/DC_Motors.o
 .group         0x0000000000000000        0xc HAL/DC_Motors.o
 .text          0x0000000000000000        0x0 HAL/DC_Motors.o
 .data          0x0000000000000000        0x0 HAL/DC_Motors.o
 .bss           0x0000000000000000        0x0 HAL/DC_Motors.o
 .group         0x0000000000000000        0xc HAL/HC-05.o
 .group         0x0000000000000000        0xc HAL/HC-05.o
 .group         0x0000000000000000        0xc HAL/HC-05.o
 .group         0x0000000000000000        0xc HAL/HC-05.o
 .group         0x0000000000000000        0xc HAL/HC-05.o
 .group         0x0000000000000000        0xc HAL/HC-05.o
 .text          0x0000000000000000        0x0 HAL/HC-05.o
 .data          0x0000000000000000        0x0 HAL/HC-05.o
 .bss           0x0000000000000000        0x0 HAL/HC-05.o
 .debug_macro   0x0000000000000000      0xa60 HAL/HC-05.o
 .debug_macro   0x0000000000000000       0x58 HAL/HC-05.o
 .debug_macro   0x0000000000000000      0x2d2 HAL/HC-05.o
 .debug_macro   0x0000000000000000       0x82 HAL/HC-05.o
 .group         0x0000000000000000        0xc MCAL/Stm32F103C8_Advanced_Timer_Driver.o
 .group         0x0000000000000000        0xc MCAL/Stm32F103C8_Advanced_Timer_Driver.o
 .group         0x0000000000000000        0xc MCAL/Stm32F103C8_Advanced_Timer_Driver.o
 .group         0x0000000000000000        0xc MCAL/Stm32F103C8_Advanced_Timer_Driver.o
 .group         0x0000000000000000        0xc MCAL/Stm32F103C8_Advanced_Timer_Driver.o
 .text          0x0000000000000000        0x0 MCAL/Stm32F103C8_Advanced_Timer_Driver.o
 .data          0x0000000000000000        0x0 MCAL/Stm32F103C8_Advanced_Timer_Driver.o
 .bss           0x0000000000000000        0x0 MCAL/Stm32F103C8_Advanced_Timer_Driver.o
 .text.MCAL_Timer_GPIO_Init
                0x0000000000000000       0xec MCAL/Stm32F103C8_Advanced_Timer_Driver.o
 .text.MCAL_SET_TIMx_GPIO
                0x0000000000000000       0x34 MCAL/Stm32F103C8_Advanced_Timer_Driver.o
 .text.MCAL_Timer_GPIO_DeInit
                0x0000000000000000       0x5c MCAL/Stm32F103C8_Advanced_Timer_Driver.o
 .text.MCAL_ICU_GPIO_Init
                0x0000000000000000      0x1e4 MCAL/Stm32F103C8_Advanced_Timer_Driver.o
 .text.MCAL_CTC_GPIO_Init
                0x0000000000000000      0x274 MCAL/Stm32F103C8_Advanced_Timer_Driver.o
 .text.MCAL_SET_TIMx_CTC_GPIO
                0x0000000000000000       0xac MCAL/Stm32F103C8_Advanced_Timer_Driver.o
 .debug_info    0x0000000000000000     0x13ae MCAL/Stm32F103C8_Advanced_Timer_Driver.o
 .debug_abbrev  0x0000000000000000      0x186 MCAL/Stm32F103C8_Advanced_Timer_Driver.o
 .debug_loc     0x0000000000000000      0x1f8 MCAL/Stm32F103C8_Advanced_Timer_Driver.o
 .debug_aranges
                0x0000000000000000       0x48 MCAL/Stm32F103C8_Advanced_Timer_Driver.o
 .debug_ranges  0x0000000000000000       0x38 MCAL/Stm32F103C8_Advanced_Timer_Driver.o
 .debug_macro   0x0000000000000000       0x41 MCAL/Stm32F103C8_Advanced_Timer_Driver.o
 .debug_macro   0x0000000000000000      0xa60 MCAL/Stm32F103C8_Advanced_Timer_Driver.o
 .debug_macro   0x0000000000000000       0x58 MCAL/Stm32F103C8_Advanced_Timer_Driver.o
 .debug_macro   0x0000000000000000      0x2d2 MCAL/Stm32F103C8_Advanced_Timer_Driver.o
 .debug_macro   0x0000000000000000       0x82 MCAL/Stm32F103C8_Advanced_Timer_Driver.o
 .debug_macro   0x0000000000000000       0x2e MCAL/Stm32F103C8_Advanced_Timer_Driver.o
 .debug_line    0x0000000000000000      0x1e5 MCAL/Stm32F103C8_Advanced_Timer_Driver.o
 .debug_str     0x0000000000000000     0x4745 MCAL/Stm32F103C8_Advanced_Timer_Driver.o
 .comment       0x0000000000000000       0x7c MCAL/Stm32F103C8_Advanced_Timer_Driver.o
 .debug_frame   0x0000000000000000       0xf8 MCAL/Stm32F103C8_Advanced_Timer_Driver.o
 .ARM.attributes
                0x0000000000000000       0x33 MCAL/Stm32F103C8_Advanced_Timer_Driver.o
 COMMON         0x0000000000000000       0x1f MCAL/Stm32F103C8_Advanced_Timer_Driver.o
 .group         0x0000000000000000        0xc MCAL/Stm32f103C6_Driver_USART.o
 .group         0x0000000000000000        0xc MCAL/Stm32f103C6_Driver_USART.o
 .group         0x0000000000000000        0xc MCAL/Stm32f103C6_Driver_USART.o
 .group         0x0000000000000000        0xc MCAL/Stm32f103C6_Driver_USART.o
 .group         0x0000000000000000        0xc MCAL/Stm32f103C6_Driver_USART.o
 .text          0x0000000000000000        0x0 MCAL/Stm32f103C6_Driver_USART.o
 .data          0x0000000000000000        0x0 MCAL/Stm32f103C6_Driver_USART.o
 .bss           0x0000000000000000        0x0 MCAL/Stm32f103C6_Driver_USART.o
 .text.MCAL_USART_DeInit
                0x0000000000000000       0x8c MCAL/Stm32f103C6_Driver_USART.o
 .text.MCAL_USART_Send_Data
                0x0000000000000000       0x5c MCAL/Stm32f103C6_Driver_USART.o
 .text.MCAL_USART_Check_Last_Buffer
                0x0000000000000000       0x22 MCAL/Stm32f103C6_Driver_USART.o
 .debug_macro   0x0000000000000000      0xa60 MCAL/Stm32f103C6_Driver_USART.o
 .debug_macro   0x0000000000000000       0x58 MCAL/Stm32f103C6_Driver_USART.o
 .debug_macro   0x0000000000000000      0x2d2 MCAL/Stm32f103C6_Driver_USART.o
 .debug_macro   0x0000000000000000       0x82 MCAL/Stm32f103C6_Driver_USART.o
 .debug_macro   0x0000000000000000      0x100 MCAL/Stm32f103C6_Driver_USART.o
 .group         0x0000000000000000        0xc MCAL/Stm32f103C6_Driver_gpio.o
 .group         0x0000000000000000        0xc MCAL/Stm32f103C6_Driver_gpio.o
 .group         0x0000000000000000        0xc MCAL/Stm32f103C6_Driver_gpio.o
 .group         0x0000000000000000        0xc MCAL/Stm32f103C6_Driver_gpio.o
 .text          0x0000000000000000        0x0 MCAL/Stm32f103C6_Driver_gpio.o
 .data          0x0000000000000000        0x0 MCAL/Stm32f103C6_Driver_gpio.o
 .bss           0x0000000000000000        0x0 MCAL/Stm32f103C6_Driver_gpio.o
 .text.MCAL_GPIO_DeInit
                0x0000000000000000       0x98 MCAL/Stm32f103C6_Driver_gpio.o
 .text.MCAL_GPIO_ReadPin
                0x0000000000000000       0x34 MCAL/Stm32f103C6_Driver_gpio.o
 .text.MCAL_GPIO_ReadPort
                0x0000000000000000       0x18 MCAL/Stm32f103C6_Driver_gpio.o
 .text.MCAL_GPIO_WritePort
                0x0000000000000000       0x22 MCAL/Stm32f103C6_Driver_gpio.o
 .text.Get_Pin_locked
                0x0000000000000000       0x74 MCAL/Stm32f103C6_Driver_gpio.o
 .text.MCAL_GPIO_TogglePin
                0x0000000000000000       0x28 MCAL/Stm32f103C6_Driver_gpio.o
 .debug_macro   0x0000000000000000      0xa60 MCAL/Stm32f103C6_Driver_gpio.o
 .debug_macro   0x0000000000000000       0x58 MCAL/Stm32f103C6_Driver_gpio.o
 .debug_macro   0x0000000000000000      0x2d2 MCAL/Stm32f103C6_Driver_gpio.o
 .group         0x0000000000000000        0xc MCAL/Stm32f103C6_EXTI_Driver.o
 .group         0x0000000000000000        0xc MCAL/Stm32f103C6_EXTI_Driver.o
 .group         0x0000000000000000        0xc MCAL/Stm32f103C6_EXTI_Driver.o
 .group         0x0000000000000000        0xc MCAL/Stm32f103C6_EXTI_Driver.o
 .group         0x0000000000000000        0xc MCAL/Stm32f103C6_EXTI_Driver.o
 .text          0x0000000000000000        0x0 MCAL/Stm32f103C6_EXTI_Driver.o
 .data          0x0000000000000000        0x0 MCAL/Stm32f103C6_EXTI_Driver.o
 .bss           0x0000000000000000        0x0 MCAL/Stm32f103C6_EXTI_Driver.o
 .text.Disable_NVIC
                0x0000000000000000       0xcc MCAL/Stm32f103C6_EXTI_Driver.o
 .text.Enable_NVIC
                0x0000000000000000       0xcc MCAL/Stm32f103C6_EXTI_Driver.o
 .text.Get_AFIO_EXTICR_Port_value
                0x0000000000000000       0x60 MCAL/Stm32f103C6_EXTI_Driver.o
 .text.MCAL_EXTI_GPIO_Init
                0x0000000000000000       0x16 MCAL/Stm32f103C6_EXTI_Driver.o
 .text.MCAL_EXTI_GPIO_Update
                0x0000000000000000       0x16 MCAL/Stm32f103C6_EXTI_Driver.o
 .text.MCAL_EXTI_GPIO_Deinit
                0x0000000000000000       0x94 MCAL/Stm32f103C6_EXTI_Driver.o
 .text.Update_EXTI
                0x0000000000000000      0x170 MCAL/Stm32f103C6_EXTI_Driver.o
 .debug_macro   0x0000000000000000      0xa60 MCAL/Stm32f103C6_EXTI_Driver.o
 .debug_macro   0x0000000000000000       0x58 MCAL/Stm32f103C6_EXTI_Driver.o
 .debug_macro   0x0000000000000000       0x82 MCAL/Stm32f103C6_EXTI_Driver.o
 .group         0x0000000000000000        0xc Src/main.o
 .group         0x0000000000000000        0xc Src/main.o
 .group         0x0000000000000000        0xc Src/main.o
 .group         0x0000000000000000        0xc Src/main.o
 .group         0x0000000000000000        0xc Src/main.o
 .group         0x0000000000000000        0xc Src/main.o
 .group         0x0000000000000000        0xc Src/main.o
 .group         0x0000000000000000        0xc Src/main.o
 .text          0x0000000000000000        0x0 Src/main.o
 .data          0x0000000000000000        0x0 Src/main.o
 .bss           0x0000000000000000        0x0 Src/main.o
 .debug_macro   0x0000000000000000      0xa60 Src/main.o
 .debug_macro   0x0000000000000000       0x58 Src/main.o
 .debug_macro   0x0000000000000000      0x2d2 Src/main.o
 .debug_macro   0x0000000000000000       0x82 Src/main.o
 .debug_macro   0x0000000000000000      0x100 Src/main.o
 .debug_macro   0x0000000000000000       0x10 Src/main.o
 .debug_macro   0x0000000000000000       0x52 Src/main.o
 .group         0x0000000000000000        0xc Src/syscalls.o
 .group         0x0000000000000000        0xc Src/syscalls.o
 .group         0x0000000000000000        0xc Src/syscalls.o
 .group         0x0000000000000000        0xc Src/syscalls.o
 .group         0x0000000000000000        0xc Src/syscalls.o
 .group         0x0000000000000000        0xc Src/syscalls.o
 .group         0x0000000000000000        0xc Src/syscalls.o
 .group         0x0000000000000000        0xc Src/syscalls.o
 .group         0x0000000000000000        0xc Src/syscalls.o
 .group         0x0000000000000000        0xc Src/syscalls.o
 .group         0x0000000000000000        0xc Src/syscalls.o
 .group         0x0000000000000000        0xc Src/syscalls.o
 .group         0x0000000000000000        0xc Src/syscalls.o
 .group         0x0000000000000000        0xc Src/syscalls.o
 .group         0x0000000000000000        0xc Src/syscalls.o
 .group         0x0000000000000000        0xc Src/syscalls.o
 .group         0x0000000000000000        0xc Src/syscalls.o
 .group         0x0000000000000000        0xc Src/syscalls.o
 .group         0x0000000000000000        0xc Src/syscalls.o
 .group         0x0000000000000000        0xc Src/syscalls.o
 .group         0x0000000000000000        0xc Src/syscalls.o
 .group         0x0000000000000000        0xc Src/syscalls.o
 .group         0x0000000000000000        0xc Src/syscalls.o
 .group         0x0000000000000000        0xc Src/syscalls.o
 .group         0x0000000000000000        0xc Src/syscalls.o
 .group         0x0000000000000000        0xc Src/syscalls.o
 .group         0x0000000000000000        0xc Src/syscalls.o
 .group         0x0000000000000000        0xc Src/syscalls.o
 .group         0x0000000000000000        0xc Src/syscalls.o
 .group         0x0000000000000000        0xc Src/syscalls.o
 .group         0x0000000000000000        0xc Src/syscalls.o
 .group         0x0000000000000000        0xc Src/syscalls.o
 .group         0x0000000000000000        0xc Src/syscalls.o
 .group         0x0000000000000000        0xc Src/syscalls.o
 .group         0x0000000000000000        0xc Src/syscalls.o
 .group         0x0000000000000000        0xc Src/syscalls.o
 .group         0x0000000000000000        0xc Src/syscalls.o
 .group         0x0000000000000000        0xc Src/syscalls.o
 .group         0x0000000000000000        0xc Src/syscalls.o
 .group         0x0000000000000000        0xc Src/syscalls.o
 .group         0x0000000000000000        0xc Src/syscalls.o
 .group         0x0000000000000000        0xc Src/syscalls.o
 .group         0x0000000000000000        0xc Src/syscalls.o
 .group         0x0000000000000000        0xc Src/syscalls.o
 .text          0x0000000000000000        0x0 Src/syscalls.o
 .data          0x0000000000000000        0x0 Src/syscalls.o
 .bss           0x0000000000000000        0x0 Src/syscalls.o
 .bss.__env     0x0000000000000000        0x4 Src/syscalls.o
 .data.environ  0x0000000000000000        0x4 Src/syscalls.o
 .text.initialise_monitor_handles
                0x0000000000000000        0xc Src/syscalls.o
 .text._getpid  0x0000000000000000        0xe Src/syscalls.o
 .text._kill    0x0000000000000000       0x20 Src/syscalls.o
 .text._exit    0x0000000000000000       0x14 Src/syscalls.o
 .text._read    0x0000000000000000       0x3a Src/syscalls.o
 .text._write   0x0000000000000000       0x38 Src/syscalls.o
 .text._close   0x0000000000000000       0x16 Src/syscalls.o
 .text._fstat   0x0000000000000000       0x1e Src/syscalls.o
 .text._isatty  0x0000000000000000       0x14 Src/syscalls.o
 .text._lseek   0x0000000000000000       0x18 Src/syscalls.o
 .text._open    0x0000000000000000       0x1a Src/syscalls.o
 .text._wait    0x0000000000000000       0x1e Src/syscalls.o
 .text._unlink  0x0000000000000000       0x1e Src/syscalls.o
 .text._times   0x0000000000000000       0x16 Src/syscalls.o
 .text._stat    0x0000000000000000       0x1e Src/syscalls.o
 .text._link    0x0000000000000000       0x20 Src/syscalls.o
 .text._fork    0x0000000000000000       0x16 Src/syscalls.o
 .text._execve  0x0000000000000000       0x22 Src/syscalls.o
 .debug_info    0x0000000000000000     0x1038 Src/syscalls.o
 .debug_abbrev  0x0000000000000000      0x254 Src/syscalls.o
 .debug_loc     0x0000000000000000      0x5b8 Src/syscalls.o
 .debug_aranges
                0x0000000000000000       0xa8 Src/syscalls.o
 .debug_ranges  0x0000000000000000       0x98 Src/syscalls.o
 .debug_macro   0x0000000000000000      0x243 Src/syscalls.o
 .debug_macro   0x0000000000000000      0xa60 Src/syscalls.o
 .debug_macro   0x0000000000000000       0x22 Src/syscalls.o
 .debug_macro   0x0000000000000000       0x40 Src/syscalls.o
 .debug_macro   0x0000000000000000       0x18 Src/syscalls.o
 .debug_macro   0x0000000000000000       0x94 Src/syscalls.o
 .debug_macro   0x0000000000000000       0x3c Src/syscalls.o
 .debug_macro   0x0000000000000000       0x34 Src/syscalls.o
 .debug_macro   0x0000000000000000       0x57 Src/syscalls.o
 .debug_macro   0x0000000000000000      0x174 Src/syscalls.o
 .debug_macro   0x0000000000000000      0x330 Src/syscalls.o
 .debug_macro   0x0000000000000000       0x52 Src/syscalls.o
 .debug_macro   0x0000000000000000       0x1f Src/syscalls.o
 .debug_macro   0x0000000000000000       0x43 Src/syscalls.o
 .debug_macro   0x0000000000000000       0x20 Src/syscalls.o
 .debug_macro   0x0000000000000000      0x1a3 Src/syscalls.o
 .debug_macro   0x0000000000000000       0x10 Src/syscalls.o
 .debug_macro   0x0000000000000000       0x35 Src/syscalls.o
 .debug_macro   0x0000000000000000       0x10 Src/syscalls.o
 .debug_macro   0x0000000000000000       0x10 Src/syscalls.o
 .debug_macro   0x0000000000000000       0x10 Src/syscalls.o
 .debug_macro   0x0000000000000000       0x6a Src/syscalls.o
 .debug_macro   0x0000000000000000       0x1c Src/syscalls.o
 .debug_macro   0x0000000000000000       0x52 Src/syscalls.o
 .debug_macro   0x0000000000000000       0x40 Src/syscalls.o
 .debug_macro   0x0000000000000000       0x10 Src/syscalls.o
 .debug_macro   0x0000000000000000       0x40 Src/syscalls.o
 .debug_macro   0x0000000000000000       0xd7 Src/syscalls.o
 .debug_macro   0x0000000000000000       0x1c Src/syscalls.o
 .debug_macro   0x0000000000000000       0x3d Src/syscalls.o
 .debug_macro   0x0000000000000000       0x35 Src/syscalls.o
 .debug_macro   0x0000000000000000      0x122 Src/syscalls.o
 .debug_macro   0x0000000000000000       0x16 Src/syscalls.o
 .debug_macro   0x0000000000000000       0x16 Src/syscalls.o
 .debug_macro   0x0000000000000000       0x29 Src/syscalls.o
 .debug_macro   0x0000000000000000       0x10 Src/syscalls.o
 .debug_macro   0x0000000000000000      0x241 Src/syscalls.o
 .debug_macro   0x0000000000000000       0x1c Src/syscalls.o
 .debug_macro   0x0000000000000000       0x10 Src/syscalls.o
 .debug_macro   0x0000000000000000       0x10 Src/syscalls.o
 .debug_macro   0x0000000000000000       0x16 Src/syscalls.o
 .debug_macro   0x0000000000000000      0x145 Src/syscalls.o
 .debug_macro   0x0000000000000000      0x189 Src/syscalls.o
 .debug_macro   0x0000000000000000       0x16 Src/syscalls.o
 .debug_macro   0x0000000000000000       0x88 Src/syscalls.o
 .debug_line    0x0000000000000000      0x739 Src/syscalls.o
 .debug_str     0x0000000000000000     0x8868 Src/syscalls.o
 .comment       0x0000000000000000       0x7c Src/syscalls.o
 .debug_frame   0x0000000000000000      0x2ac Src/syscalls.o
 .ARM.attributes
                0x0000000000000000       0x33 Src/syscalls.o
 .group         0x0000000000000000        0xc Src/sysmem.o
 .group         0x0000000000000000        0xc Src/sysmem.o
 .group         0x0000000000000000        0xc Src/sysmem.o
 .group         0x0000000000000000        0xc Src/sysmem.o
 .group         0x0000000000000000        0xc Src/sysmem.o
 .group         0x0000000000000000        0xc Src/sysmem.o
 .group         0x0000000000000000        0xc Src/sysmem.o
 .group         0x0000000000000000        0xc Src/sysmem.o
 .group         0x0000000000000000        0xc Src/sysmem.o
 .group         0x0000000000000000        0xc Src/sysmem.o
 .group         0x0000000000000000        0xc Src/sysmem.o
 .group         0x0000000000000000        0xc Src/sysmem.o
 .group         0x0000000000000000        0xc Src/sysmem.o
 .group         0x0000000000000000        0xc Src/sysmem.o
 .group         0x0000000000000000        0xc Src/sysmem.o
 .group         0x0000000000000000        0xc Src/sysmem.o
 .group         0x0000000000000000        0xc Src/sysmem.o
 .group         0x0000000000000000        0xc Src/sysmem.o
 .group         0x0000000000000000        0xc Src/sysmem.o
 .text          0x0000000000000000        0x0 Src/sysmem.o
 .data          0x0000000000000000        0x0 Src/sysmem.o
 .bss           0x0000000000000000        0x0 Src/sysmem.o
 .bss.__sbrk_heap_end
                0x0000000000000000        0x4 Src/sysmem.o
 .text._sbrk    0x0000000000000000       0x6c Src/sysmem.o
 .debug_info    0x0000000000000000      0xa7c Src/sysmem.o
 .debug_abbrev  0x0000000000000000      0x18e Src/sysmem.o
 .debug_loc     0x0000000000000000       0x50 Src/sysmem.o
 .debug_aranges
                0x0000000000000000       0x20 Src/sysmem.o
 .debug_ranges  0x0000000000000000       0x10 Src/sysmem.o
 .debug_macro   0x0000000000000000       0xee Src/sysmem.o
 .debug_macro   0x0000000000000000      0xa60 Src/sysmem.o
 .debug_macro   0x0000000000000000       0x10 Src/sysmem.o
 .debug_macro   0x0000000000000000       0x22 Src/sysmem.o
 .debug_macro   0x0000000000000000       0x40 Src/sysmem.o
 .debug_macro   0x0000000000000000       0x18 Src/sysmem.o
 .debug_macro   0x0000000000000000       0x94 Src/sysmem.o
 .debug_macro   0x0000000000000000       0x3c Src/sysmem.o
 .debug_macro   0x0000000000000000       0x34 Src/sysmem.o
 .debug_macro   0x0000000000000000      0x174 Src/sysmem.o
 .debug_macro   0x0000000000000000       0x57 Src/sysmem.o
 .debug_macro   0x0000000000000000       0x52 Src/sysmem.o
 .debug_macro   0x0000000000000000       0x1f Src/sysmem.o
 .debug_macro   0x0000000000000000       0x43 Src/sysmem.o
 .debug_macro   0x0000000000000000       0x20 Src/sysmem.o
 .debug_macro   0x0000000000000000      0x1a3 Src/sysmem.o
 .debug_macro   0x0000000000000000      0x23b Src/sysmem.o
 .debug_macro   0x0000000000000000       0xef Src/sysmem.o
 .debug_macro   0x0000000000000000       0x6a Src/sysmem.o
 .debug_macro   0x0000000000000000      0x1df Src/sysmem.o
 .debug_line    0x0000000000000000      0x4c2 Src/sysmem.o
 .debug_str     0x0000000000000000     0x5f36 Src/sysmem.o
 .comment       0x0000000000000000       0x7c Src/sysmem.o
 .debug_frame   0x0000000000000000       0x34 Src/sysmem.o
 .ARM.attributes
                0x0000000000000000       0x33 Src/sysmem.o
 .text          0x0000000000000000       0x14 Startup/startup_stm32f103c8tx.o
 .data          0x0000000000000000        0x0 Startup/startup_stm32f103c8tx.o
 .bss           0x0000000000000000        0x0 Startup/startup_stm32f103c8tx.o
 .text          0x0000000000000000        0x0 c:/st/stm32cubeide_1.4.0/stm32cubeide/plugins/com.st.stm32cube.ide.mcu.externaltools.gnu-tools-for-stm32.7-2018-q2-update.win32_1.4.0.202007081208/tools/bin/../lib/gcc/arm-none-eabi/7.3.1/../../../../arm-none-eabi/lib/thumb/v7-m\libc_nano.a(lib_a-errno.o)
 .data          0x0000000000000000        0x0 c:/st/stm32cubeide_1.4.0/stm32cubeide/plugins/com.st.stm32cube.ide.mcu.externaltools.gnu-tools-for-stm32.7-2018-q2-update.win32_1.4.0.202007081208/tools/bin/../lib/gcc/arm-none-eabi/7.3.1/../../../../arm-none-eabi/lib/thumb/v7-m\libc_nano.a(lib_a-errno.o)
 .bss           0x0000000000000000        0x0 c:/st/stm32cubeide_1.4.0/stm32cubeide/plugins/com.st.stm32cube.ide.mcu.externaltools.gnu-tools-for-stm32.7-2018-q2-update.win32_1.4.0.202007081208/tools/bin/../lib/gcc/arm-none-eabi/7.3.1/../../../../arm-none-eabi/lib/thumb/v7-m\libc_nano.a(lib_a-errno.o)
 .text.__errno  0x0000000000000000        0xc c:/st/stm32cubeide_1.4.0/stm32cubeide/plugins/com.st.stm32cube.ide.mcu.externaltools.gnu-tools-for-stm32.7-2018-q2-update.win32_1.4.0.202007081208/tools/bin/../lib/gcc/arm-none-eabi/7.3.1/../../../../arm-none-eabi/lib/thumb/v7-m\libc_nano.a(lib_a-errno.o)
 .debug_frame   0x0000000000000000       0x20 c:/st/stm32cubeide_1.4.0/stm32cubeide/plugins/com.st.stm32cube.ide.mcu.externaltools.gnu-tools-for-stm32.7-2018-q2-update.win32_1.4.0.202007081208/tools/bin/../lib/gcc/arm-none-eabi/7.3.1/../../../../arm-none-eabi/lib/thumb/v7-m\libc_nano.a(lib_a-errno.o)
 .ARM.attributes
                0x0000000000000000       0x2d c:/st/stm32cubeide_1.4.0/stm32cubeide/plugins/com.st.stm32cube.ide.mcu.externaltools.gnu-tools-for-stm32.7-2018-q2-update.win32_1.4.0.202007081208/tools/bin/../lib/gcc/arm-none-eabi/7.3.1/../../../../arm-none-eabi/lib/thumb/v7-m\libc_nano.a(lib_a-errno.o)
 .text          0x0000000000000000        0x0 c:/st/stm32cubeide_1.4.0/stm32cubeide/plugins/com.st.stm32cube.ide.mcu.externaltools.gnu-tools-for-stm32.7-2018-q2-update.win32_1.4.0.202007081208/tools/bin/../lib/gcc/arm-none-eabi/7.3.1/../../../../arm-none-eabi/lib/thumb/v7-m\libc_nano.a(lib_a-exit.o)
 .data          0x0000000000000000        0x0 c:/st/stm32cubeide_1.4.0/stm32cubeide/plugins/com.st.stm32cube.ide.mcu.externaltools.gnu-tools-for-stm32.7-2018-q2-update.win32_1.4.0.202007081208/tools/bin/../lib/gcc/arm-none-eabi/7.3.1/../../../../arm-none-eabi/lib/thumb/v7-m\libc_nano.a(lib_a-exit.o)
 .bss           0x0000000000000000        0x0 c:/st/stm32cubeide_1.4.0/stm32cubeide/plugins/com.st.stm32cube.ide.mcu.externaltools.gnu-tools-for-stm32.7-2018-q2-update.win32_1.4.0.202007081208/tools/bin/../lib/gcc/arm-none-eabi/7.3.1/../../../../arm-none-eabi/lib/thumb/v7-m\libc_nano.a(lib_a-exit.o)
 .text.exit     0x0000000000000000       0x28 c:/st/stm32cubeide_1.4.0/stm32cubeide/plugins/com.st.stm32cube.ide.mcu.externaltools.gnu-tools-for-stm32.7-2018-q2-update.win32_1.4.0.202007081208/tools/bin/../lib/gcc/arm-none-eabi/7.3.1/../../../../arm-none-eabi/lib/thumb/v7-m\libc_nano.a(lib_a-exit.o)
 .debug_frame   0x0000000000000000       0x28 c:/st/stm32cubeide_1.4.0/stm32cubeide/plugins/com.st.stm32cube.ide.mcu.externaltools.gnu-tools-for-stm32.7-2018-q2-update.win32_1.4.0.202007081208/tools/bin/../lib/gcc/arm-none-eabi/7.3.1/../../../../arm-none-eabi/lib/thumb/v7-m\libc_nano.a(lib_a-exit.o)
 .ARM.attributes
                0x0000000000000000       0x2d c:/st/stm32cubeide_1.4.0/stm32cubeide/plugins/com.st.stm32cube.ide.mcu.externaltools.gnu-tools-for-stm32.7-2018-q2-update.win32_1.4.0.202007081208/tools/bin/../lib/gcc/arm-none-eabi/7.3.1/../../../../arm-none-eabi/lib/thumb/v7-m\libc_nano.a(lib_a-exit.o)
 .text          0x0000000000000000        0x0 c:/st/stm32cubeide_1.4.0/stm32cubeide/plugins/com.st.stm32cube.ide.mcu.externaltools.gnu-tools-for-stm32.7-2018-q2-update.win32_1.4.0.202007081208/tools/bin/../lib/gcc/arm-none-eabi/7.3.1/../../../../arm-none-eabi/lib/thumb/v7-m\libc_nano.a(lib_a-impure.o)
 .data          0x0000000000000000        0x0 c:/st/stm32cubeide_1.4.0/stm32cubeide/plugins/com.st.stm32cube.ide.mcu.externaltools.gnu-tools-for-stm32.7-2018-q2-update.win32_1.4.0.202007081208/tools/bin/../lib/gcc/arm-none-eabi/7.3.1/../../../../arm-none-eabi/lib/thumb/v7-m\libc_nano.a(lib_a-impure.o)
 .bss           0x0000000000000000        0x0 c:/st/stm32cubeide_1.4.0/stm32cubeide/plugins/com.st.stm32cube.ide.mcu.externaltools.gnu-tools-for-stm32.7-2018-q2-update.win32_1.4.0.202007081208/tools/bin/../lib/gcc/arm-none-eabi/7.3.1/../../../../arm-none-eabi/lib/thumb/v7-m\libc_nano.a(lib_a-impure.o)
 .data._impure_ptr
                0x0000000000000000        0x4 c:/st/stm32cubeide_1.4.0/stm32cubeide/plugins/com.st.stm32cube.ide.mcu.externaltools.gnu-tools-for-stm32.7-2018-q2-update.win32_1.4.0.202007081208/tools/bin/../lib/gcc/arm-none-eabi/7.3.1/../../../../arm-none-eabi/lib/thumb/v7-m\libc_nano.a(lib_a-impure.o)
 .data.impure_data
                0x0000000000000000       0x60 c:/st/stm32cubeide_1.4.0/stm32cubeide/plugins/com.st.stm32cube.ide.mcu.externaltools.gnu-tools-for-stm32.7-2018-q2-update.win32_1.4.0.202007081208/tools/bin/../lib/gcc/arm-none-eabi/7.3.1/../../../../arm-none-eabi/lib/thumb/v7-m\libc_nano.a(lib_a-impure.o)
 .rodata._global_impure_ptr
                0x0000000000000000        0x4 c:/st/stm32cubeide_1.4.0/stm32cubeide/plugins/com.st.stm32cube.ide.mcu.externaltools.gnu-tools-for-stm32.7-2018-q2-update.win32_1.4.0.202007081208/tools/bin/../lib/gcc/arm-none-eabi/7.3.1/../../../../arm-none-eabi/lib/thumb/v7-m\libc_nano.a(lib_a-impure.o)
 .ARM.attributes
                0x0000000000000000       0x2d c:/st/stm32cubeide_1.4.0/stm32cubeide/plugins/com.st.stm32cube.ide.mcu.externaltools.gnu-tools-for-stm32.7-2018-q2-update.win32_1.4.0.202007081208/tools/bin/../lib/gcc/arm-none-eabi/7.3.1/../../../../arm-none-eabi/lib/thumb/v7-m\libc_nano.a(lib_a-impure.o)
 .text          0x0000000000000000        0x0 c:/st/stm32cubeide_1.4.0/stm32cubeide/plugins/com.st.stm32cube.ide.mcu.externaltools.gnu-tools-for-stm32.7-2018-q2-update.win32_1.4.0.202007081208/tools/bin/../lib/gcc/arm-none-eabi/7.3.1/../../../../arm-none-eabi/lib/thumb/v7-m\libc_nano.a(lib_a-init.o)
 .data          0x0000000000000000        0x0 c:/st/stm32cubeide_1.4.0/stm32cubeide/plugins/com.st.stm32cube.ide.mcu.externaltools.gnu-tools-for-stm32.7-2018-q2-update.win32_1.4.0.202007081208/tools/bin/../lib/gcc/arm-none-eabi/7.3.1/../../../../arm-none-eabi/lib/thumb/v7-m\libc_nano.a(lib_a-init.o)
 .bss           0x0000000000000000        0x0 c:/st/stm32cubeide_1.4.0/stm32cubeide/plugins/com.st.stm32cube.ide.mcu.externaltools.gnu-tools-for-stm32.7-2018-q2-update.win32_1.4.0.202007081208/tools/bin/../lib/gcc/arm-none-eabi/7.3.1/../../../../arm-none-eabi/lib/thumb/v7-m\libc_nano.a(lib_a-init.o)
 .text          0x0000000000000000        0x0 c:/st/stm32cubeide_1.4.0/stm32cubeide/plugins/com.st.stm32cube.ide.mcu.externaltools.gnu-tools-for-stm32.7-2018-q2-update.win32_1.4.0.202007081208/tools/bin/../lib/gcc/arm-none-eabi/7.3.1/../../../../arm-none-eabi/lib/thumb/v7-m\libc_nano.a(lib_a-memset.o)
 .data          0x0000000000000000        0x0 c:/st/stm32cubeide_1.4.0/stm32cubeide/plugins/com.st.stm32cube.ide.mcu.externaltools.gnu-tools-for-stm32.7-2018-q2-update.win32_1.4.0.202007081208/tools/bin/../lib/gcc/arm-none-eabi/7.3.1/../../../../arm-none-eabi/lib/thumb/v7-m\libc_nano.a(lib_a-memset.o)
 .bss           0x0000000000000000        0x0 c:/st/stm32cubeide_1.4.0/stm32cubeide/plugins/com.st.stm32cube.ide.mcu.externaltools.gnu-tools-for-stm32.7-2018-q2-update.win32_1.4.0.202007081208/tools/bin/../lib/gcc/arm-none-eabi/7.3.1/../../../../arm-none-eabi/lib/thumb/v7-m\libc_nano.a(lib_a-memset.o)
 .text.memset   0x0000000000000000       0x10 c:/st/stm32cubeide_1.4.0/stm32cubeide/plugins/com.st.stm32cube.ide.mcu.externaltools.gnu-tools-for-stm32.7-2018-q2-update.win32_1.4.0.202007081208/tools/bin/../lib/gcc/arm-none-eabi/7.3.1/../../../../arm-none-eabi/lib/thumb/v7-m\libc_nano.a(lib_a-memset.o)
 .debug_frame   0x0000000000000000       0x20 c:/st/stm32cubeide_1.4.0/stm32cubeide/plugins/com.st.stm32cube.ide.mcu.externaltools.gnu-tools-for-stm32.7-2018-q2-update.win32_1.4.0.202007081208/tools/bin/../lib/gcc/arm-none-eabi/7.3.1/../../../../arm-none-eabi/lib/thumb/v7-m\libc_nano.a(lib_a-memset.o)
 .ARM.attributes
                0x0000000000000000       0x2d c:/st/stm32cubeide_1.4.0/stm32cubeide/plugins/com.st.stm32cube.ide.mcu.externaltools.gnu-tools-for-stm32.7-2018-q2-update.win32_1.4.0.202007081208/tools/bin/../lib/gcc/arm-none-eabi/7.3.1/../../../../arm-none-eabi/lib/thumb/v7-m\libc_nano.a(lib_a-memset.o)
 .text          0x0000000000000000        0x0 c:/st/stm32cubeide_1.4.0/stm32cubeide/plugins/com.st.stm32cube.ide.mcu.externaltools.gnu-tools-for-stm32.7-2018-q2-update.win32_1.4.0.202007081208/tools/bin/../lib/gcc/arm-none-eabi/7.3.1/thumb/v7-m/crtend.o
 .data          0x0000000000000000        0x0 c:/st/stm32cubeide_1.4.0/stm32cubeide/plugins/com.st.stm32cube.ide.mcu.externaltools.gnu-tools-for-stm32.7-2018-q2-update.win32_1.4.0.202007081208/tools/bin/../lib/gcc/arm-none-eabi/7.3.1/thumb/v7-m/crtend.o
 .bss           0x0000000000000000        0x0 c:/st/stm32cubeide_1.4.0/stm32cubeide/plugins/com.st.stm32cube.ide.mcu.externaltools.gnu-tools-for-stm32.7-2018-q2-update.win32_1.4.0.202007081208/tools/bin/../lib/gcc/arm-none-eabi/7.3.1/thumb/v7-m/crtend.o
 .eh_frame      0x0000000000000000        0x4 c:/st/stm32cubeide_1.4.0/stm32cubeide/plugins/com.st.stm32cube.ide.mcu.externaltools.gnu-tools-for-stm32.7-2018-q2-update.win32_1.4.0.202007081208/tools/bin/../lib/gcc/arm-none-eabi/7.3.1/thumb/v7-m/crtend.o
 .ARM.attributes
                0x0000000000000000       0x2d c:/st/stm32cubeide_1.4.0/stm32cubeide/plugins/com.st.stm32cube.ide.mcu.externaltools.gnu-tools-for-stm32.7-2018-q2-update.win32_1.4.0.202007081208/tools/bin/../lib/gcc/arm-none-eabi/7.3.1/thumb/v7-m/crtend.o
 .text          0x0000000000000000        0x0 c:/st/stm32cubeide_1.4.0/stm32cubeide/plugins/com.st.stm32cube.ide.mcu.externaltools.gnu-tools-for-stm32.7-2018-q2-update.win32_1.4.0.202007081208/tools/bin/../lib/gcc/arm-none-eabi/7.3.1/thumb/v7-m/crtn.o
 .data          0x0000000000000000        0x0 c:/st/stm32cubeide_1.4.0/stm32cubeide/plugins/com.st.stm32cube.ide.mcu.externaltools.gnu-tools-for-stm32.7-2018-q2-update.win32_1.4.0.202007081208/tools/bin/../lib/gcc/arm-none-eabi/7.3.1/thumb/v7-m/crtn.o
 .bss           0x0000000000000000        0x0 c:/st/stm32cubeide_1.4.0/stm32cubeide/plugins/com.st.stm32cube.ide.mcu.externaltools.gnu-tools-for-stm32.7-2018-q2-update.win32_1.4.0.202007081208/tools/bin/../lib/gcc/arm-none-eabi/7.3.1/thumb/v7-m/crtn.o

Memory Configuration

Name             Origin             Length             Attributes
RAM              0x0000000020000000 0x0000000000005000 xrw
ROM              0x0000000008000000 0x0000000000010000 xr
*default*        0x0000000000000000 0xffffffffffffffff

Linker script and memory map

LOAD c:/st/stm32cubeide_1.4.0/stm32cubeide/plugins/com.st.stm32cube.ide.mcu.externaltools.gnu-tools-for-stm32.7-2018-q2-update.win32_1.4.0.202007081208/tools/bin/../lib/gcc/arm-none-eabi/7.3.1/thumb/v7-m/crti.o
LOAD c:/st/stm32cubeide_1.4.0/stm32cubeide/plugins/com.st.stm32cube.ide.mcu.externaltools.gnu-tools-for-stm32.7-2018-q2-update.win32_1.4.0.202007081208/tools/bin/../lib/gcc/arm-none-eabi/7.3.1/thumb/v7-m/crtbegin.o
LOAD c:/st/stm32cubeide_1.4.0/stm32cubeide/plugins/com.st.stm32cube.ide.mcu.externaltools.gnu-tools-for-stm32.7-2018-q2-update.win32_1.4.0.202007081208/tools/bin/../lib/gcc/arm-none-eabi/7.3.1/../../../../arm-none-eabi/lib/thumb/v7-m/crt0.o
LOAD HAL/DC_Motors.o
LOAD HAL/HC-05.o
LOAD MCAL/Stm32F103C8_Advanced_Timer_Driver.o
LOAD MCAL/Stm32f103C6_Driver_USART.o
LOAD MCAL/Stm32f103C6_Driver_gpio.o
LOAD MCAL/Stm32f103C6_EXTI_Driver.o
LOAD Src/main.o
LOAD Src/syscalls.o
LOAD Src/sysmem.o
LOAD Startup/startup_stm32f103c8tx.o
START GROUP
LOAD c:/st/stm32cubeide_1.4.0/stm32cubeide/plugins/com.st.stm32cube.ide.mcu.externaltools.gnu-tools-for-stm32.7-2018-q2-update.win32_1.4.0.202007081208/tools/bin/../lib/gcc/arm-none-eabi/7.3.1/../../../../arm-none-eabi/lib/thumb/v7-m\libc_nano.a
LOAD c:/st/stm32cubeide_1.4.0/stm32cubeide/plugins/com.st.stm32cube.ide.mcu.externaltools.gnu-tools-for-stm32.7-2018-q2-update.win32_1.4.0.202007081208/tools/bin/../lib/gcc/arm-none-eabi/7.3.1/../../../../arm-none-eabi/lib/thumb/v7-m\libm.a
END GROUP
START GROUP
LOAD c:/st/stm32cubeide_1.4.0/stm32cubeide/plugins/com.st.stm32cube.ide.mcu.externaltools.gnu-tools-for-stm32.7-2018-q2-update.win32_1.4.0.202007081208/tools/bin/../lib/gcc/arm-none-eabi/7.3.1/thumb/v7-m\libgcc.a
LOAD c:/st/stm32cubeide_1.4.0/stm32cubeide/plugins/com.st.stm32cube.ide.mcu.externaltools.gnu-tools-for-stm32.7-2018-q2-update.win32_1.4.0.202007081208/tools/bin/../lib/gcc/arm-none-eabi/7.3.1/../../../../arm-none-eabi/lib/thumb/v7-m\libg_nano.a
LOAD c:/st/stm32cubeide_1.4.0/stm32cubeide/plugins/com.st.stm32cube.ide.mcu.externaltools.gnu-tools-for-stm32.7-2018-q2-update.win32_1.4.0.202007081208/tools/bin/../lib/gcc/arm-none-eabi/7.3.1/../../../../arm-none-eabi/lib/thumb/v7-m\libc_nano.a
END GROUP
START GROUP
LOAD c:/st/stm32cubeide_1.4.0/stm32cubeide/plugins/com.st.stm32cube.ide.mcu.externaltools.gnu-tools-for-stm32.7-2018-q2-update.win32_1.4.0.202007081208/tools/bin/../lib/gcc/arm-none-eabi/7.3.1/thumb/v7-m\libgcc.a
LOAD c:/st/stm32cubeide_1.4.0/stm32cubeide/plugins/com.st.stm32cube.ide.mcu.externaltools.gnu-tools-for-stm32.7-2018-q2-update.win32_1.4.0.202007081208/tools/bin/../lib/gcc/arm-none-eabi/7.3.1/../../../../arm-none-eabi/lib/thumb/v7-m\libc_nano.a
LOAD c:/st/stm32cubeide_1.4.0/stm32cubeide/plugins/com.st.stm32cube.ide.mcu.externaltools.gnu-tools-for-stm32.7-2018-q2-update.win32_1.4.0.202007081208/tools/bin/../lib/gcc/arm-none-eabi/7.3.1/../../../../arm-none-eabi/lib/thumb/v7-m\libnosys.a
END GROUP
START GROUP
LOAD c:/st/stm32cubeide_1.4.0/stm32cubeide/plugins/com.st.stm32cube.ide.mcu.externaltools.gnu-tools-for-stm32.7-2018-q2-update.win32_1.4.0.202007081208/tools/bin/../lib/gcc/arm-none-eabi/7.3.1/thumb/v7-m\libgcc.a
LOAD c:/st/stm32cubeide_1.4.0/stm32cubeide/plugins/com.st.stm32cube.ide.mcu.externaltools.gnu-tools-for-stm32.7-2018-q2-update.win32_1.4.0.202007081208/tools/bin/../lib/gcc/arm-none-eabi/7.3.1/../../../../arm-none-eabi/lib/thumb/v7-m\libc_nano.a
LOAD c:/st/stm32cubeide_1.4.0/stm32cubeide/plugins/com.st.stm32cube.ide.mcu.externaltools.gnu-tools-for-stm32.7-2018-q2-update.win32_1.4.0.202007081208/tools/bin/../lib/gcc/arm-none-eabi/7.3.1/../../../../arm-none-eabi/lib/thumb/v7-m\libnosys.a
END GROUP
LOAD c:/st/stm32cubeide_1.4.0/stm32cubeide/plugins/com.st.stm32cube.ide.mcu.externaltools.gnu-tools-for-stm32.7-2018-q2-update.win32_1.4.0.202007081208/tools/bin/../lib/gcc/arm-none-eabi/7.3.1/thumb/v7-m/crtend.o
LOAD c:/st/stm32cubeide_1.4.0/stm32cubeide/plugins/com.st.stm32cube.ide.mcu.externaltools.gnu-tools-for-stm32.7-2018-q2-update.win32_1.4.0.202007081208/tools/bin/../lib/gcc/arm-none-eabi/7.3.1/thumb/v7-m/crtn.o
                0x0000000020005000                _estack = (ORIGIN (RAM) + LENGTH (RAM))
                0x0000000000000200                _Min_Heap_Size = 0x200
                0x0000000000000400                _Min_Stack_Size = 0x400

.isr_vector     0x0000000008000000      0x130
                0x0000000008000000                . = ALIGN (0x4)
 *(.isr_vector)
 .isr_vector    0x0000000008000000      0x130 Startup/startup_stm32f103c8tx.o
                0x0000000008000000                g_pfnVectors
                0x0000000008000130                . = ALIGN (0x4)

.text           0x0000000008000130     0x10b4
                0x0000000008000130                . = ALIGN (0x4)
 *(.text)
 .text          0x0000000008000130       0x40 c:/st/stm32cubeide_1.4.0/stm32cubeide/plugins/com.st.stm32cube.ide.mcu.externaltools.gnu-tools-for-stm32.7-2018-q2-update.win32_1.4.0.202007081208/tools/bin/../lib/gcc/arm-none-eabi/7.3.1/thumb/v7-m/crtbegin.o
 *(.text*)
 .text.Dc_Motors_Init
                0x0000000008000170       0xe8 HAL/DC_Motors.o
                0x0000000008000170                Dc_Motors_Init
 .text.DC_Motor_Move_Stop
                0x0000000008000258      0x190 HAL/DC_Motors.o
                0x0000000008000258                DC_Motor_Move_Stop
 .text.Stop_CAR
                0x00000000080003e8       0x60 HAL/DC_Motors.o
                0x00000000080003e8                Stop_CAR
 .text.HAL_HC05_Init
                0x0000000008000448       0x54 HAL/HC-05.o
                0x0000000008000448                HAL_HC05_Init
 .text.HAL_HC05_RecieveChar
                0x000000000800049c       0x1c HAL/HC-05.o
                0x000000000800049c                HAL_HC05_RecieveChar
 .text.MCAL_USART_Init
                0x00000000080004b8      0x2ec MCAL/Stm32f103C6_Driver_USART.o
                0x00000000080004b8                MCAL_USART_Init
 .text.MCAL_USART_ReceiveData
                0x00000000080007a4       0x88 MCAL/Stm32f103C6_Driver_USART.o
                0x00000000080007a4                MCAL_USART_ReceiveData
 .text.MCAL_USART_GPIO_Set_Pins
                0x000000000800082c      0x220 MCAL/Stm32f103C6_Driver_USART.o
                0x000000000800082c                MCAL_USART_GPIO_Set_Pins
 .text.Get_SYS_CLK
                0x0000000008000a4c       0x3c MCAL/Stm32f103C6_Driver_USART.o
                0x0000000008000a4c                Get_SYS_CLK
 .text.Get_AHB_CLK
                0x0000000008000a88       0x28 MCAL/Stm32f103C6_Driver_USART.o
                0x0000000008000a88                Get_AHB_CLK
 .text.Get_APB1_CLK
                0x0000000008000ab0       0x28 MCAL/Stm32f103C6_Driver_USART.o
                0x0000000008000ab0                Get_APB1_CLK
 .text.Get_APB2_CLK
                0x0000000008000ad8       0x28 MCAL/Stm32f103C6_Driver_USART.o
                0x0000000008000ad8                Get_APB2_CLK
 .text.USART1_IRQHandler
                0x0000000008000b00       0x14 MCAL/Stm32f103C6_Driver_USART.o
                0x0000000008000b00                USART1_IRQHandler
 .text.USART2_IRQHandler
                0x0000000008000b14       0x14 MCAL/Stm32f103C6_Driver_USART.o
                0x0000000008000b14                USART2_IRQHandler
 .text.USART3_IRQHandler
                0x0000000008000b28       0x14 MCAL/Stm32f103C6_Driver_USART.o
                0x0000000008000b28                USART3_IRQHandler
 .text.Get_CR_shif
                0x0000000008000b3c       0x94 MCAL/Stm32f103C6_Driver_gpio.o
                0x0000000008000b3c                Get_CR_shif
 .text.MCAL_GPIO_Init
                0x0000000008000bd0      0x1f0 MCAL/Stm32f103C6_Driver_gpio.o
                0x0000000008000bd0                MCAL_GPIO_Init
 .text.MCAL_GPIO_WritePin
                0x0000000008000dc0       0x54 MCAL/Stm32f103C6_Driver_gpio.o
                0x0000000008000dc0                MCAL_GPIO_WritePin
 .text.EXTI0_IRQHandler
                0x0000000008000e14       0x24 MCAL/Stm32f103C6_EXTI_Driver.o
                0x0000000008000e14                EXTI0_IRQHandler
 .text.EXTI1_IRQHandler
                0x0000000008000e38       0x24 MCAL/Stm32f103C6_EXTI_Driver.o
                0x0000000008000e38                EXTI1_IRQHandler
 .text.EXTI2_IRQHandler
                0x0000000008000e5c       0x24 MCAL/Stm32f103C6_EXTI_Driver.o
                0x0000000008000e5c                EXTI2_IRQHandler
 .text.EXTI3_IRQHandler
                0x0000000008000e80       0x24 MCAL/Stm32f103C6_EXTI_Driver.o
                0x0000000008000e80                EXTI3_IRQHandler
 .text.EXTI4_IRQHandler
                0x0000000008000ea4       0x24 MCAL/Stm32f103C6_EXTI_Driver.o
                0x0000000008000ea4                EXTI4_IRQHandler
 .text.EXTI9_5_IRQHandler
                0x0000000008000ec8       0xa8 MCAL/Stm32f103C6_EXTI_Driver.o
                0x0000000008000ec8                EXTI9_5_IRQHandler
 .text.EXTI15_10_IRQHandler
                0x0000000008000f70       0xc4 MCAL/Stm32f103C6_EXTI_Driver.o
                0x0000000008000f70                EXTI15_10_IRQHandler
 .text.main     0x0000000008001034       0xfc Src/main.o
                0x0000000008001034                main
 .text.Reset_Handler
                0x0000000008001130       0x50 Startup/startup_stm32f103c8tx.o
                0x0000000008001130                Reset_Handler
 .text.Default_Handler
                0x0000000008001180        0x2 Startup/startup_stm32f103c8tx.o
                0x0000000008001180                TIM8_TRG_COM_IRQHandler
                0x0000000008001180                TIM8_CC_IRQHandler
                0x0000000008001180                DebugMon_Handler
                0x0000000008001180                TIM1_CC_IRQHandler
                0x0000000008001180                HardFault_Handler
                0x0000000008001180                TIM6_IRQHandler
                0x0000000008001180                SysTick_Handler
                0x0000000008001180                PVD_IRQHandler
                0x0000000008001180                SDIO_IRQHandler
                0x0000000008001180                PendSV_Handler
                0x0000000008001180                NMI_Handler
                0x0000000008001180                USB_HP_CAN_TX_IRQHandler
                0x0000000008001180                I2C2_EV_IRQHandler
                0x0000000008001180                UsageFault_Handler
                0x0000000008001180                ADC1_2_IRQHandler
                0x0000000008001180                SPI1_IRQHandler
                0x0000000008001180                CAN_SCE_IRQHandler
                0x0000000008001180                TAMPER_IRQHandler
                0x0000000008001180                TIM8_UP_IRQHandler
                0x0000000008001180                DMA2_Channel2_IRQHandler
                0x0000000008001180                DMA1_Channel4_IRQHandler
                0x0000000008001180                RTC_IRQHandler
                0x0000000008001180                DMA1_Channel7_IRQHandler
                0x0000000008001180                UART5_IRQHandler
                0x0000000008001180                ADC3_IRQHandler
                0x0000000008001180                TIM4_IRQHandler
                0x0000000008001180                CAN_RX1_IRQHandler
                0x0000000008001180                DMA2_Channel1_IRQHandler
                0x0000000008001180                I2C1_EV_IRQHandler
                0x0000000008001180                DMA1_Channel6_IRQHandler
                0x0000000008001180                UART4_IRQHandler
                0x0000000008001180                TIM3_IRQHandler
                0x0000000008001180                RCC_IRQHandler
                0x0000000008001180                TIM1_TRG_COM_IRQHandler
                0x0000000008001180                DMA1_Channel1_IRQHandler
                0x0000000008001180                Default_Handler
                0x0000000008001180                TIM7_IRQHandler
                0x0000000008001180                TIM5_IRQHandler
                0x0000000008001180                SPI2_IRQHandler
                0x0000000008001180                USB_LP_CAN_RX0_IRQHandler
                0x0000000008001180                MemManage_Handler
                0x0000000008001180                SVC_Handler
                0x0000000008001180                DMA1_Channel5_IRQHandler
                0x0000000008001180                DMA1_Channel3_IRQHandler
                0x0000000008001180                FSMC_IRQHandler
                0x0000000008001180                TIM1_UP_IRQHandler
                0x0000000008001180                WWDG_IRQHandler
                0x0000000008001180                TIM2_IRQHandler
                0x0000000008001180                TIM1_BRK_IRQHandler
                0x0000000008001180                RTCAlarm_IRQHandler
                0x0000000008001180                DMA2_Channel4_5_IRQHandler
                0x0000000008001180                I2C2_ER_IRQHandler
                0x0000000008001180                DMA1_Channel2_IRQHandler
                0x0000000008001180                TIM8_BRK_IRQHandler
                0x0000000008001180                FLASH_IRQHandler
                0x0000000008001180                BusFault_Handler
                0x0000000008001180                SPI3_IRQHandler
                0x0000000008001180                I2C1_ER_IRQHandler
                0x0000000008001180                DMA2_Channel3_IRQHandler
 *fill*         0x0000000008001182        0x2 
 .text.__libc_init_array
                0x0000000008001184       0x48 c:/st/stm32cubeide_1.4.0/stm32cubeide/plugins/com.st.stm32cube.ide.mcu.externaltools.gnu-tools-for-stm32.7-2018-q2-update.win32_1.4.0.202007081208/tools/bin/../lib/gcc/arm-none-eabi/7.3.1/../../../../arm-none-eabi/lib/thumb/v7-m\libc_nano.a(lib_a-init.o)
                0x0000000008001184                __libc_init_array
 *(.glue_7)
 .glue_7        0x00000000080011cc        0x0 linker stubs
 *(.glue_7t)
 .glue_7t       0x00000000080011cc        0x0 linker stubs
 *(.eh_frame)
 .eh_frame      0x00000000080011cc        0x0 c:/st/stm32cubeide_1.4.0/stm32cubeide/plugins/com.st.stm32cube.ide.mcu.externaltools.gnu-tools-for-stm32.7-2018-q2-update.win32_1.4.0.202007081208/tools/bin/../lib/gcc/arm-none-eabi/7.3.1/thumb/v7-m/crtbegin.o
 *(.init)
 .init          0x00000000080011cc        0x4 c:/st/stm32cubeide_1.4.0/stm32cubeide/plugins/com.st.stm32cube.ide.mcu.externaltools.gnu-tools-for-stm32.7-2018-q2-update.win32_1.4.0.202007081208/tools/bin/../lib/gcc/arm-none-eabi/7.3.1/thumb/v7-m/crti.o
                0x00000000080011cc                _init
 .init          0x00000000080011d0        0x8 c:/st/stm32cubeide_1.4.0/stm32cubeide/plugins/com.st.stm32cube.ide.mcu.externaltools.gnu-tools-for-stm32.7-2018-q2-update.win32_1.4.0.202007081208/tools/bin/../lib/gcc/arm-none-eabi/7.3.1/thumb/v7-m/crtn.o
 *(.fini)
 .fini          0x00000000080011d8        0x4 c:/st/stm32cubeide_1.4.0/stm32cubeide/plugins/com.st.stm32cube.ide.mcu.externaltools.gnu-tools-for-stm32.7-2018-q2-update.win32_1.4.0.202007081208/tools/bin/../lib/gcc/arm-none-eabi/7.3.1/thumb/v7-m/crti.o
                0x00000000080011d8                _fini
 .fini          0x00000000080011dc        0x8 c:/st/stm32cubeide_1.4.0/stm32cubeide/plugins/com.st.stm32cube.ide.mcu.externaltools.gnu-tools-for-stm32.7-2018-q2-update.win32_1.4.0.202007081208/tools/bin/../lib/gcc/arm-none-eabi/7.3.1/thumb/v7-m/crtn.o
                0x00000000080011e4                . = ALIGN (0x4)
                0x00000000080011e4                _etext = .

.vfp11_veneer   0x00000000080011e4        0x0
 .vfp11_veneer  0x00000000080011e4        0x0 linker stubs

.v4_bx          0x00000000080011e4        0x0
 .v4_bx         0x00000000080011e4        0x0 linker stubs

.iplt           0x00000000080011e4        0x0
 .iplt          0x00000000080011e4        0x0 c:/st/stm32cubeide_1.4.0/stm32cubeide/plugins/com.st.stm32cube.ide.mcu.externaltools.gnu-tools-for-stm32.7-2018-q2-update.win32_1.4.0.202007081208/tools/bin/../lib/gcc/arm-none-eabi/7.3.1/thumb/v7-m/crtbegin.o

.rodata         0x00000000080011e4       0x14
                0x00000000080011e4                . = ALIGN (0x4)
 *(.rodata)
 .rodata        0x00000000080011e4        0x3 HAL/DC_Motors.o
 *fill*         0x00000000080011e7        0x1 
 .rodata        0x00000000080011e8       0x10 HAL/HC-05.o
 *(.rodata*)
                0x00000000080011f8                . = ALIGN (0x4)

.rel.dyn        0x00000000080011f8        0x0
 .rel.iplt      0x00000000080011f8        0x0 c:/st/stm32cubeide_1.4.0/stm32cubeide/plugins/com.st.stm32cube.ide.mcu.externaltools.gnu-tools-for-stm32.7-2018-q2-update.win32_1.4.0.202007081208/tools/bin/../lib/gcc/arm-none-eabi/7.3.1/thumb/v7-m/crtbegin.o

.ARM.extab      0x00000000080011f8        0x0
                0x00000000080011f8                . = ALIGN (0x4)
 *(.ARM.extab* .gnu.linkonce.armextab.*)
                0x00000000080011f8                . = ALIGN (0x4)

.ARM            0x00000000080011f8        0x0
                0x00000000080011f8                . = ALIGN (0x4)
                0x00000000080011f8                __exidx_start = .
 *(.ARM.exidx*)
                0x00000000080011f8                __exidx_end = .
                0x00000000080011f8                . = ALIGN (0x4)

.preinit_array  0x00000000080011f8        0x0
                0x00000000080011f8                . = ALIGN (0x4)
                0x00000000080011f8                PROVIDE (__preinit_array_start = .)
 *(.preinit_array*)
                0x00000000080011f8                PROVIDE (__preinit_array_end = .)
                0x00000000080011f8                . = ALIGN (0x4)

.init_array     0x00000000080011f8        0x4
                0x00000000080011f8                . = ALIGN (0x4)
                0x00000000080011f8                PROVIDE (__init_array_start = .)
 *(SORT_BY_NAME(.init_array.*))
 *(.init_array*)
 .init_array    0x00000000080011f8        0x4 c:/st/stm32cubeide_1.4.0/stm32cubeide/plugins/com.st.stm32cube.ide.mcu.externaltools.gnu-tools-for-stm32.7-2018-q2-update.win32_1.4.0.202007081208/tools/bin/../lib/gcc/arm-none-eabi/7.3.1/thumb/v7-m/crtbegin.o
                0x00000000080011fc                PROVIDE (__init_array_end = .)
                0x00000000080011fc                . = ALIGN (0x4)

.fini_array     0x00000000080011fc        0x4
                0x00000000080011fc                . = ALIGN (0x4)
                [!provide]                        PROVIDE (__fini_array_start = .)
 *(SORT_BY_NAME(.fini_array.*))
 *(.fini_array*)
 .fini_array    0x00000000080011fc        0x4 c:/st/stm32cubeide_1.4.0/stm32cubeide/plugins/com.st.stm32cube.ide.mcu.externaltools.gnu-tools-for-stm32.7-2018-q2-update.win32_1.4.0.202007081208/tools/bin/../lib/gcc/arm-none-eabi/7.3.1/thumb/v7-m/crtbegin.o
                [!provide]                        PROVIDE (__fini_array_end = .)
                0x0000000008001200                . = ALIGN (0x4)
                0x0000000008001200                _sidata = LOADADDR (.data)

.data           0x0000000020000000       0x18 load address 0x0000000008001200
                0x0000000020000000                . = ALIGN (0x4)
                0x0000000020000000                _sdata = .
 *(.data)
 *(.data*)
 .data.AHB_PRE_SCALER
                0x0000000020000000       0x10 MCAL/Stm32f103C6_Driver_USART.o
                0x0000000020000000                AHB_PRE_SCALER
 .data.APB_PRE_SCALER
                0x0000000020000010        0x8 MCAL/Stm32f103C6_Driver_USART.o
                0x0000000020000010                APB_PRE_SCALER
                0x0000000020000018                . = ALIGN (0x4)
                0x0000000020000018                _edata = .

.igot.plt       0x0000000020000018        0x0 load address 0x0000000008001218
 .igot.plt      0x0000000020000018        0x0 c:/st/stm32cubeide_1.4.0/stm32cubeide/plugins/com.st.stm32cube.ide.mcu.externaltools.gnu-tools-for-stm32.7-2018-q2-update.win32_1.4.0.202007081208/tools/bin/../lib/gcc/arm-none-eabi/7.3.1/thumb/v7-m/crtbegin.o
                0x0000000020000018                . = ALIGN (0x4)

.bss            0x0000000020000018       0x6c load address 0x0000000008001218
                0x0000000020000018                _sbss = .
                0x0000000020000018                __bss_start__ = _sbss
 *(.bss)
 .bss           0x0000000020000018       0x1c c:/st/stm32cubeide_1.4.0/stm32cubeide/plugins/com.st.stm32cube.ide.mcu.externaltools.gnu-tools-for-stm32.7-2018-q2-update.win32_1.4.0.202007081208/tools/bin/../lib/gcc/arm-none-eabi/7.3.1/thumb/v7-m/crtbegin.o
 *(.bss*)
 .bss.Received_char
                0x0000000020000034        0x2 HAL/HC-05.o
                0x0000000020000034                Received_char
 *(COMMON)
 *fill*         0x0000000020000036        0x2 
 COMMON         0x0000000020000038       0x10 MCAL/Stm32f103C6_Driver_USART.o
                0x0000000020000038                Global_Config
 COMMON         0x0000000020000048       0x3c MCAL/Stm32f103C6_EXTI_Driver.o
                0x0000000020000048                GP_CallBack
                0x0000000020000084                . = ALIGN (0x4)
                0x0000000020000084                _ebss = .
                0x0000000020000084                __bss_end__ = _ebss

._user_heap_stack
                0x0000000020000084      0x604 load address 0x0000000008001218
                0x0000000020000088                . = ALIGN (0x8)
 *fill*         0x0000000020000084        0x4 
                [!provide]                        PROVIDE (end = .)
                0x0000000020000088                PROVIDE (_end = .)
                0x0000000020000288                . = (. + _Min_Heap_Size)
 *fill*         0x0000000020000088      0x200 
                0x0000000020000688                . = (. + _Min_Stack_Size)
 *fill*         0x0000000020000288      0x400 
                0x0000000020000688                . = ALIGN (0x8)

/DISCARD/
 libc.a(*)
 libm.a(*)
 libgcc.a(*)

.ARM.attributes
                0x0000000000000000       0x29
 *(.ARM.attributes)
 .ARM.attributes
                0x0000000000000000       0x1d c:/st/stm32cubeide_1.4.0/stm32cubeide/plugins/com.st.stm32cube.ide.mcu.externaltools.gnu-tools-for-stm32.7-2018-q2-update.win32_1.4.0.202007081208/tools/bin/../lib/gcc/arm-none-eabi/7.3.1/thumb/v7-m/crti.o
 .ARM.attributes
                0x000000000000001d       0x2d c:/st/stm32cubeide_1.4.0/stm32cubeide/plugins/com.st.stm32cube.ide.mcu.externaltools.gnu-tools-for-stm32.7-2018-q2-update.win32_1.4.0.202007081208/tools/bin/../lib/gcc/arm-none-eabi/7.3.1/thumb/v7-m/crtbegin.o
 .ARM.attributes
                0x000000000000004a       0x33 HAL/DC_Motors.o
 .ARM.attributes
                0x000000000000007d       0x33 HAL/HC-05.o
 .ARM.attributes
                0x00000000000000b0       0x33 MCAL/Stm32f103C6_Driver_USART.o
 .ARM.attributes
                0x00000000000000e3       0x33 MCAL/Stm32f103C6_Driver_gpio.o
 .ARM.attributes
                0x0000000000000116       0x33 MCAL/Stm32f103C6_EXTI_Driver.o
 .ARM.attributes
                0x0000000000000149       0x33 Src/main.o
 .ARM.attributes
                0x000000000000017c       0x21 Startup/startup_stm32f103c8tx.o
 .ARM.attributes
                0x000000000000019d       0x2d c:/st/stm32cubeide_1.4.0/stm32cubeide/plugins/com.st.stm32cube.ide.mcu.externaltools.gnu-tools-for-stm32.7-2018-q2-update.win32_1.4.0.202007081208/tools/bin/../lib/gcc/arm-none-eabi/7.3.1/../../../../arm-none-eabi/lib/thumb/v7-m\libc_nano.a(lib_a-init.o)
 .ARM.attributes
                0x00000000000001ca       0x1d c:/st/stm32cubeide_1.4.0/stm32cubeide/plugins/com.st.stm32cube.ide.mcu.externaltools.gnu-tools-for-stm32.7-2018-q2-update.win32_1.4.0.202007081208/tools/bin/../lib/gcc/arm-none-eabi/7.3.1/thumb/v7-m/crtn.o
OUTPUT(Project.elf elf32-littlearm)

.debug_info     0x0000000000000000     0x2332
 .debug_info    0x0000000000000000      0x281 HAL/DC_Motors.o
 .debug_info    0x0000000000000281      0x8fd HAL/HC-05.o
 .debug_info    0x0000000000000b7e      0xc93 MCAL/Stm32f103C6_Driver_USART.o
 .debug_info    0x0000000000001811      0x47d MCAL/Stm32f103C6_Driver_gpio.o
 .debug_info    0x0000000000001c8e      0x59a MCAL/Stm32f103C6_EXTI_Driver.o
 .debug_info    0x0000000000002228       0xe8 Src/main.o
 .debug_info    0x0000000000002310       0x22 Startup/startup_stm32f103c8tx.o

.debug_abbrev   0x0000000000000000      0x7af
 .debug_abbrev  0x0000000000000000       0xf9 HAL/DC_Motors.o
 .debug_abbrev  0x00000000000000f9      0x15f HAL/HC-05.o
 .debug_abbrev  0x0000000000000258      0x1e3 MCAL/Stm32f103C6_Driver_USART.o
 .debug_abbrev  0x000000000000043b      0x119 MCAL/Stm32f103C6_Driver_gpio.o
 .debug_abbrev  0x0000000000000554      0x1bf MCAL/Stm32f103C6_EXTI_Driver.o
 .debug_abbrev  0x0000000000000713       0x8a Src/main.o
 .debug_abbrev  0x000000000000079d       0x12 Startup/startup_stm32f103c8tx.o

.debug_loc      0x0000000000000000      0xb7c
 .debug_loc     0x0000000000000000       0xcc HAL/DC_Motors.o
 .debug_loc     0x00000000000000cc       0x7c HAL/HC-05.o
 .debug_loc     0x0000000000000148      0x35c MCAL/Stm32f103C6_Driver_USART.o
 .debug_loc     0x00000000000004a4      0x330 MCAL/Stm32f103C6_Driver_gpio.o
 .debug_loc     0x00000000000007d4      0x37c MCAL/Stm32f103C6_EXTI_Driver.o
 .debug_loc     0x0000000000000b50       0x2c Src/main.o

.debug_aranges  0x0000000000000000      0x208
 .debug_aranges
                0x0000000000000000       0x30 HAL/DC_Motors.o
 .debug_aranges
                0x0000000000000030       0x28 HAL/HC-05.o
 .debug_aranges
                0x0000000000000058       0x80 MCAL/Stm32f103C6_Driver_USART.o
 .debug_aranges
                0x00000000000000d8       0x60 MCAL/Stm32f103C6_Driver_gpio.o
 .debug_aranges
                0x0000000000000138       0x88 MCAL/Stm32f103C6_EXTI_Driver.o
 .debug_aranges
                0x00000000000001c0       0x20 Src/main.o
 .debug_aranges
                0x00000000000001e0       0x28 Startup/startup_stm32f103c8tx.o

.debug_ranges   0x0000000000000000      0x1a0
 .debug_ranges  0x0000000000000000       0x20 HAL/DC_Motors.o
 .debug_ranges  0x0000000000000020       0x18 HAL/HC-05.o
 .debug_ranges  0x0000000000000038       0x70 MCAL/Stm32f103C6_Driver_USART.o
 .debug_ranges  0x00000000000000a8       0x50 MCAL/Stm32f103C6_Driver_gpio.o
 .debug_ranges  0x00000000000000f8       0x78 MCAL/Stm32f103C6_EXTI_Driver.o
 .debug_ranges  0x0000000000000170       0x10 Src/main.o
 .debug_ranges  0x0000000000000180       0x20 Startup/startup_stm32f103c8tx.o

.debug_macro    0x0000000000000000     0x17ce
 .debug_macro   0x0000000000000000       0x50 HAL/DC_Motors.o
 .debug_macro   0x0000000000000050      0xa60 HAL/DC_Motors.o
 .debug_macro   0x0000000000000ab0       0x58 HAL/DC_Motors.o
 .debug_macro   0x0000000000000b08      0x2d2 HAL/DC_Motors.o
 .debug_macro   0x0000000000000dda       0x82 HAL/DC_Motors.o
 .debug_macro   0x0000000000000e5c       0x2e HAL/DC_Motors.o
 .debug_macro   0x0000000000000e8a       0x52 HAL/DC_Motors.o
 .debug_macro   0x0000000000000edc       0x50 HAL/HC-05.o
 .debug_macro   0x0000000000000f2c      0x100 HAL/HC-05.o
 .debug_macro   0x000000000000102c       0x10 HAL/HC-05.o
 .debug_macro   0x000000000000103c       0x41 MCAL/Stm32f103C6_Driver_USART.o
 .debug_macro   0x000000000000107d       0x38 MCAL/Stm32f103C6_Driver_gpio.o
 .debug_macro   0x00000000000010b5       0x7c MCAL/Stm32f103C6_Driver_gpio.o
 .debug_macro   0x0000000000001131       0x3b MCAL/Stm32f103C6_EXTI_Driver.o
 .debug_macro   0x000000000000116c      0x2d8 MCAL/Stm32f103C6_EXTI_Driver.o
 .debug_macro   0x0000000000001444      0x2ee MCAL/Stm32f103C6_EXTI_Driver.o
 .debug_macro   0x0000000000001732       0x68 Src/main.o
 .debug_macro   0x000000000000179a       0x34 Src/main.o

.debug_line     0x0000000000000000      0xb39
 .debug_line    0x0000000000000000      0x190 HAL/DC_Motors.o
 .debug_line    0x0000000000000190      0x113 HAL/HC-05.o
 .debug_line    0x00000000000002a3      0x2d8 MCAL/Stm32f103C6_Driver_USART.o
 .debug_line    0x000000000000057b      0x1a5 MCAL/Stm32f103C6_Driver_gpio.o
 .debug_line    0x0000000000000720      0x243 MCAL/Stm32f103C6_EXTI_Driver.o
 .debug_line    0x0000000000000963      0x152 Src/main.o
 .debug_line    0x0000000000000ab5       0x84 Startup/startup_stm32f103c8tx.o

.debug_str      0x0000000000000000     0x6326
 .debug_str     0x0000000000000000     0x4199 HAL/DC_Motors.o
                                       0x4231 (size before relaxing)
 .debug_str     0x0000000000004199      0x7fa HAL/HC-05.o
                                       0x4730 (size before relaxing)
 .debug_str     0x0000000000004993      0x181 MCAL/Stm32f103C6_Driver_USART.o
                                       0x491a (size before relaxing)
 .debug_str     0x0000000000004b14       0xee MCAL/Stm32f103C6_Driver_gpio.o
                                       0x4133 (size before relaxing)
 .debug_str     0x0000000000004c02     0x16e0 MCAL/Stm32f103C6_EXTI_Driver.o
                                       0x56c2 (size before relaxing)
 .debug_str     0x00000000000062e2       0x13 Src/main.o
                                       0x4532 (size before relaxing)
 .debug_str     0x00000000000062f5       0x31 Startup/startup_stm32f103c8tx.o
                                         0x59 (size before relaxing)

.comment        0x0000000000000000       0x7b
 .comment       0x0000000000000000       0x7b HAL/DC_Motors.o
                                         0x7c (size before relaxing)
 .comment       0x000000000000007b       0x7c HAL/HC-05.o
 .comment       0x000000000000007b       0x7c MCAL/Stm32f103C6_Driver_USART.o
 .comment       0x000000000000007b       0x7c MCAL/Stm32f103C6_Driver_gpio.o
 .comment       0x000000000000007b       0x7c MCAL/Stm32f103C6_EXTI_Driver.o
 .comment       0x000000000000007b       0x7c Src/main.o

.debug_frame    0x0000000000000000      0x634
 .debug_frame   0x0000000000000000       0x74 HAL/DC_Motors.o
 .debug_frame   0x0000000000000074       0x54 HAL/HC-05.o
 .debug_frame   0x00000000000000c8      0x1c4 MCAL/Stm32f103C6_Driver_USART.o
 .debug_frame   0x000000000000028c      0x178 MCAL/Stm32f103C6_Driver_gpio.o
 .debug_frame   0x0000000000000404      0x1d8 MCAL/Stm32f103C6_EXTI_Driver.o
 .debug_frame   0x00000000000005dc       0x2c Src/main.o
 .debug_frame   0x0000000000000608       0x2c c:/st/stm32cubeide_1.4.0/stm32cubeide/plugins/com.st.stm32cube.ide.mcu.externaltools.gnu-tools-for-stm32.7-2018-q2-update.win32_1.4.0.202007081208/tools/bin/../lib/gcc/arm-none-eabi/7.3.1/../../../../arm-none-eabi/lib/thumb/v7-m\libc_nano.a(lib_a-init.o)
