Stm32f103C6_EXTI_Driver.c:17:7:Disable_NVIC	16	static
Stm32f103C6_EXTI_Driver.c:57:7:Enable_NVIC	16	static
Stm32f103C6_EXTI_Driver.c:106:7:Get_AFIO_EXTICR_Port_value	24	static
Stm32f103C6_EXTI_Driver.c:127:6:MCAL_EXTI_GPIO_Init	16	static
Stm32f103C6_EXTI_Driver.c:130:6:MCAL_EXTI_GPIO_Update	16	static
Stm32f103C6_EXTI_Driver.c:141:6:MCAL_EXTI_GPIO_Deinit	4	static
Stm32f103C6_EXTI_Driver.c:161:6:EXTI0_IRQHandler	8	static
Stm32f103C6_EXTI_Driver.c:173:6:EXTI1_IRQHandler	8	static
Stm32f103C6_EXTI_Driver.c:185:6:EXTI2_IRQHandler	8	static
Stm32f103C6_EXTI_Driver.c:197:6:EXTI3_IRQHandler	8	static
Stm32f103C6_EXTI_Driver.c:209:6:EXTI4_IRQHandler	8	static
Stm32f103C6_EXTI_Driver.c:222:6:EXTI9_5_IRQHandler	8	static
Stm32f103C6_EXTI_Driver.c:248:6:EXTI15_10_IRQHandler	8	static
Stm32f103C6_EXTI_Driver.c:277:6:Update_EXTI	24	static
