19:27:32 **** Incremental Build of configuration Debug for project Clock_initLab ****
make -j12 all 
arm-none-eabi-gcc "../Src/main.c" -mcpu=cortex-m3 -std=gnu11 -g3 -DSTM32 -DSTM32F1 -DSTM32F103C6Tx -DDEBUG -c -I../Inc -O0 -ffunction-sections -fdata-sections -Wall -fstack-usage -MMD -MP -MF"Src/main.d" -MT"Src/main.o" --specs=nano.specs -mfloat-abi=soft -mthumb -o "Src/main.o"
arm-none-eabi-gcc -o "Clock_initLab.elf" @"objects.list"   -mcpu=cortex-m3 -T"D:\kerollos course\unit 2\unit6\lesson2\lab 2\Clock_initLab\STM32F103C6TX_FLASH.ld" --specs=nosys.specs -Wl,-Map="Clock_initLab.map" -Wl,--gc-sections -static --specs=nano.specs -mfloat-abi=soft -mthumb -Wl,--start-group -lc -lm -Wl,--end-group
Finished building target: Clock_initLab.elf
 
arm-none-eabi-objdump -h -S  Clock_initLab.elf  > "Clock_initLab.list"
arm-none-eabi-objcopy  -O binary  Clock_initLab.elf  "Clock_initLab.bin"
arm-none-eabi-size   Clock_initLab.elf 
   text	   data	    bss	    dec	    hex	filename
    676	      8	   1568	   2252	    8cc	Clock_initLab.elf
Finished building: default.size.stdout
 
Finished building: Clock_initLab.bin
Finished building: Clock_initLab.list
 
 

19:27:33 Build Finished. 0 errors, 0 warnings. (took 485ms)

